******************************************************************************
                  TI ARM Linker PC v15.12.3                    
******************************************************************************
>> Linked Wed Aug 24 15:30:55 2016

OUTPUT FILE NAME:   <CC2650DK_7ID_TI_CC2650F128_Protocol.out>
ENTRY POINT SYMBOL: "ResetISR"  address: 00007291


MEMORY CONFIGURATION

         name            origin    length      used     unused   attr    fill
----------------------  --------  ---------  --------  --------  ----  --------
  FLASH                 00000000   00020000  0000a55a  00015aa6  R  X
  SRAM                  20000000   00005000  00003cf9  00001307  RW X


SEGMENT ALLOCATION MAP

run origin  load origin   length   init length attrs members
----------  ----------- ---------- ----------- ----- -------
00000000    00000000    0000003c   0000003c    r--
  00000000    00000000    0000003c   0000003c    r-- .resetVecs
00000100    00000100    0000a4d4   0000a4d4    r-x
  00000100    00000100    0000003c   0000003c    r-- .const:ti_sysbios_knl_Task_Object__PARAMS__C
  0000013c    0000013c    00000034   00000034    r-- .const:ti_sysbios_knl_Mailbox_Object__PARAMS__C
  00000170    00000170    00000030   00000030    r-- .const:ti_sysbios_family_arm_m3_Hwi_Object__PARAMS__C
  000001a0    000001a0    0000002c   0000002c    r-- .const:ti_sysbios_hal_Hwi_Object__PARAMS__C
  000001cc    000001cc    00000028   00000028    r-- .const:ti_sysbios_heaps_HeapMem_Module__FXNS__C
  000001f4    000001f4    00000028   00000028    r-- .const:ti_sysbios_knl_Swi_Object__PARAMS__C
  0000021c    0000021c    00000024   00000024    r-- .const:ti_sysbios_gates_GateHwi_Module__FXNS__C
  00000240    00000240    00000024   00000024    r-- .const:ti_sysbios_gates_GateMutex_Module__FXNS__C
  00000264    00000264    00000024   00000024    r-- .const:ti_sysbios_heaps_HeapMem_Object__PARAMS__C
  00000288    00000288    00000024   00000024    r-- .const:ti_sysbios_knl_Clock_Object__PARAMS__C
  000002ac    000002ac    00000024   00000024    r-- .const:ti_sysbios_knl_Semaphore_Object__PARAMS__C
  000002d0    000002d0    00000020   00000020    r-- .const:ti_sysbios_family_arm_m3_Hwi_Object__DESC__C
  000002f0    000002f0    00000020   00000020    r-- .const:ti_sysbios_gates_GateHwi_Object__DESC__C
  00000310    00000310    00000020   00000020    r-- .const:ti_sysbios_gates_GateMutex_Object__DESC__C
  00000330    00000330    00000020   00000020    r-- .const:ti_sysbios_hal_Hwi_Object__DESC__C
  00000350    00000350    00000020   00000020    r-- .const:ti_sysbios_heaps_HeapMem_Object__DESC__C
  00000370    00000370    00000020   00000020    r-- .const:ti_sysbios_knl_Clock_Object__DESC__C
  00000390    00000390    00000020   00000020    r-- .const:ti_sysbios_knl_Mailbox_Object__DESC__C
  000003b0    000003b0    00000020   00000020    r-- .const:ti_sysbios_knl_Queue_Object__DESC__C
  000003d0    000003d0    00000020   00000020    r-- .const:ti_sysbios_knl_Semaphore_Object__DESC__C
  000003f0    000003f0    00000020   00000020    r-- .const:ti_sysbios_knl_Swi_Object__DESC__C
  00000410    00000410    00000020   00000020    r-- .const:ti_sysbios_knl_Task_Object__DESC__C
  00000430    00000430    00000018   00000018    r-- .const:ti_sysbios_gates_GateHwi_Object__PARAMS__C
  00000448    00000448    00000018   00000018    r-- .const:ti_sysbios_gates_GateMutex_Object__PARAMS__C
  00000460    00000460    00000018   00000018    r-- .const:ti_sysbios_knl_Queue_Object__PARAMS__C
  00000478    00000478    00000008   00000008    r-- .const:ti_sysbios_knl_Idle_funcList__C
  00000484    00000484    00000004   00000004    r-- .const:ti_sysbios_family_arm_cc26xx_Timer_startupNeeded__C
  00000488    00000488    00000004   00000004    r-- .const:ti_sysbios_family_arm_m3_Hwi_E_alreadyDefined__C
  0000048c    0000048c    00000004   00000004    r-- .const:ti_sysbios_family_arm_m3_Hwi_E_hwiLimitExceeded__C
  00000490    00000490    00000004   00000004    r-- .const:ti_sysbios_family_arm_m3_Hwi_NUM_INTERRUPTS__C
  00000494    00000494    00000004   00000004    r-- .const:ti_sysbios_family_arm_m3_Hwi_Object__count__C
  00000498    00000498    00000004   00000004    r-- .const:ti_sysbios_family_arm_m3_Hwi_Object__table__C
  0000049c    0000049c    00000004   00000004    r-- .const:ti_sysbios_family_arm_m3_Hwi_ccr__C
  000004a0    000004a0    00000004   00000004    r-- .const:ti_sysbios_family_arm_m3_Hwi_excHandlerFunc__C
  000004a4    000004a4    00000004   00000004    r-- .const:ti_sysbios_family_arm_m3_Hwi_nullIsrFunc__C
  000004a8    000004a8    00000004   00000004    r-- .const:ti_sysbios_family_arm_m3_Hwi_numSparseInterrupts__C
  000004ac    000004ac    00000004   00000004    r-- .const:ti_sysbios_family_arm_m3_Hwi_priGroup__C
  000004b0    000004b0    00000004   00000004    r-- .const:ti_sysbios_family_arm_m3_TaskSupport_stackAlignment__C
  000004b4    000004b4    00000004   00000004    r-- .const:ti_sysbios_heaps_HeapMem_E_memory__C
  000004b8    000004b8    00000004   00000004    r-- .const:ti_sysbios_heaps_HeapMem_Module__gateObj__C
  000004bc    000004bc    00000004   00000004    r-- .const:ti_sysbios_heaps_HeapMem_Object__count__C
  000004c0    000004c0    00000004   00000004    r-- .const:ti_sysbios_heaps_HeapMem_Object__table__C
  000004c4    000004c4    00000004   00000004    r-- .const:ti_sysbios_heaps_HeapMem_reqAlign__C
  000004c8    000004c8    00000004   00000004    r-- .const:ti_sysbios_knl_Clock_serviceMargin__C
  000004cc    000004cc    00000004   00000004    r-- .const:ti_sysbios_knl_Mailbox_Object__count__C
  000004d0    000004d0    00000004   00000004    r-- .const:ti_sysbios_knl_Mailbox_Object__table__C
  000004d4    000004d4    00000004   00000004    r-- .const:ti_sysbios_knl_Queue_Object__count__C
  000004d8    000004d8    00000004   00000004    r-- .const:ti_sysbios_knl_Queue_Object__table__C
  000004dc    000004dc    00000004   00000004    r-- .const:ti_sysbios_knl_Swi_Object__count__C
  000004e0    000004e0    00000004   00000004    r-- .const:ti_sysbios_knl_Swi_Object__table__C
  000004e4    000004e4    00000004   00000004    r-- .const:ti_sysbios_knl_Swi_numPriorities__C
  000004e8    000004e8    00000004   00000004    r-- .const:ti_sysbios_knl_Task_Object__count__C
  000004ec    000004ec    00000004   00000004    r-- .const:ti_sysbios_knl_Task_Object__table__C
  000004f0    000004f0    00000004   00000004    r-- .const:ti_sysbios_knl_Task_allBlockedFunc__C
  000004f4    000004f4    00000004   00000004    r-- .const:ti_sysbios_knl_Task_defaultStackHeap__C
  000004f8    000004f8    00000004   00000004    r-- .const:ti_sysbios_knl_Task_defaultStackSize__C
  000004fc    000004fc    00000004   00000004    r-- .const:ti_sysbios_knl_Task_numConstructedTasks__C
  00000502    00000502    00000002   00000002    r-- .const:ti_sysbios_family_arm_cc26xx_Timer_Module__id__C
  00000504    00000504    00000002   00000002    r-- .const:ti_sysbios_family_arm_cc26xx_TimestampProvider_useClockTimer__C
  00000506    00000506    00000002   00000002    r-- .const:ti_sysbios_family_arm_m3_Hwi_Module__id__C
  00000508    00000508    00000002   00000002    r-- .const:ti_sysbios_gates_GateHwi_Module__id__C
  0000050a    0000050a    00000002   00000002    r-- .const:ti_sysbios_gates_GateMutex_Module__id__C
  0000050c    0000050c    00000002   00000002    r-- .const:ti_sysbios_heaps_HeapMem_Module__id__C
  0000050e    0000050e    00000002   00000002    r-- .const:ti_sysbios_knl_Task_initStackFlag__C
  00000510    00000510    00000001   00000001    r-- .const:ti_sysbios_knl_Clock_tickMode__C
  00000514    00000514    00000008   00000008    r-- .const:xdc_runtime_Startup_firstFxns__C
  0000051c    0000051c    00000008   00000008    r-- .const:xdc_runtime_Startup_lastFxns__C
  00000524    00000524    00000004   00000004    r-- .const:xdc_runtime_Assert_E_assertFailed__C
  00000528    00000528    00000004   00000004    r-- .const:xdc_runtime_Error_E_memory__C
  0000052c    0000052c    00000004   00000004    r-- .const:xdc_runtime_Error_policyFxn__C
  00000530    00000530    00000004   00000004    r-- .const:xdc_runtime_IGateProvider_Interface__BASE__C
  00000534    00000534    00000004   00000004    r-- .const:xdc_runtime_IHeap_Interface__BASE__C
  00000538    00000538    00000004   00000004    r-- .const:xdc_runtime_IModule_Interface__BASE__C
  0000053c    0000053c    00000004   00000004    r-- .const:xdc_runtime_Main_Module__diagsEnabled__C
  00000540    00000540    00000004   00000004    r-- .const:xdc_runtime_Main_Module__diagsIncluded__C
  00000544    00000544    00000004   00000004    r-- .const:xdc_runtime_Main_Module__diagsMask__C
  00000548    00000548    00000004   00000004    r-- .const:xdc_runtime_Memory_defaultHeapInstance__C
  0000054c    0000054c    00000004   00000004    r-- .const:xdc_runtime_Startup_execImpl__C
  00000550    00000550    00000004   00000004    r-- .const:xdc_runtime_Startup_maxPasses__C
  00000554    00000554    00000004   00000004    r-- .const:xdc_runtime_Startup_sfxnRts__C
  00000558    00000558    00000004   00000004    r-- .const:xdc_runtime_Startup_sfxnTab__C
  0000055c    0000055c    00000004   00000004    r-- .const:xdc_runtime_Startup_startModsFxn__C
  00000560    00000560    00000004   00000004    r-- .const:xdc_runtime_SysCallback_abortFxn__C
  00000564    00000564    00000004   00000004    r-- .const:xdc_runtime_SysCallback_exitFxn__C
  00000568    00000568    00000004   00000004    r-- .const:xdc_runtime_System_abortFxn__C
  0000056c    0000056c    00000004   00000004    r-- .const:xdc_runtime_System_exitFxn__C
  00000570    00000570    00000004   00000004    r-- .const:xdc_runtime_System_maxAtexitHandlers__C
  00000574    00000574    00000004   00000004    r-- .const:xdc_runtime_Text_charTab__C
  00000578    00000578    00000004   00000004    r-- .const:xdc_runtime_Text_nameEmpty__C
  0000057c    0000057c    00000004   00000004    r-- .const:xdc_runtime_Text_nameStatic__C
  00000580    00000580    00000004   00000004    r-- .const:xdc_runtime_Text_nameUnknown__C
  00000584    00000584    00000002   00000002    r-- .const:xdc_runtime_Main_Module__id__C
  00000586    00000586    00000002   00000002    r-- .const:xdc_runtime_Memory_Module__id__C
  00000588    00000588    00000002   00000002    r-- .const:xdc_runtime_Text_charCnt__C
  0000058a    0000058a    00000002   00000002    r-- .const:xdc_runtime_Text_isLoaded__C
  0000058c    0000058c    00000001   00000001    r-- .const:xdc_runtime_Error_policy__C
  00000590    00000590    00000004   00000004    r-- .const:ti_sysbios_rom_ROM_AONRTCChannelEnable
  00000594    00000594    00000004   00000004    r-- .const:ti_sysbios_rom_ROM_AONRTCCompareValueSet
  00000598    00000598    00000004   00000004    r-- .const:ti_sysbios_rom_ROM_AONRTCCurrentCompareValueGet
  0000059c    0000059c    00000004   00000004    r-- .const:ti_sysbios_rom_ROM_AONRTCEventClear
  000005a0    000005a0    00000004   00000004    r-- .const:ti_sysbios_rom_ROM_ti_sysbios_family_arm_cc26xx_Timer_getCount64__E
  000005a4    000005a4    00000004   00000004    r-- .const:ti_sysbios_rom_ROM_ti_sysbios_family_arm_cc26xx_Timer_getCurrentTick__E
  000005a8    000005a8    00000004   00000004    r-- .const:ti_sysbios_rom_ROM_ti_sysbios_family_arm_cc26xx_Timer_getMaxTicks__E
  000005ac    000005ac    00000004   00000004    r-- .const:ti_sysbios_rom_ROM_ti_sysbios_family_arm_cc26xx_Timer_initDevice__I
  000005b0    000005b0    00000004   00000004    r-- .const:ti_sysbios_rom_ROM_ti_sysbios_family_arm_cc26xx_Timer_setNextTick__E
  000005b4    000005b4    00000004   00000004    r-- .const:ti_sysbios_rom_ROM_ti_sysbios_family_arm_cc26xx_Timer_setThreshold__I
  000005b8    000005b8    00000004   00000004    r-- .const:ti_sysbios_rom_ROM_ti_sysbios_family_arm_cc26xx_Timer_start__E
  000005bc    000005bc    00000004   00000004    r-- .const:ti_sysbios_rom_ROM_ti_sysbios_family_arm_cc26xx_TimestampProvider_get32__E
  000005c0    000005c0    00000004   00000004    r-- .const:ti_sysbios_rom_ROM_xdc_runtime_Startup_getState__I
  000005c4    000005c4    00000004   00000004    r-- .const:ti_sysbios_rom_ROM_xdc_runtime_System_SupportProxy_abort__E
  000005c8    000005c8    00000004   00000004    r-- .const:ti_sysbios_rom_ROM_xdc_runtime_System_SupportProxy_exit__E
  000005cc    000005cc    00000004   00000004    r-- .const:ti_sysbios_gates_GateMutex_Instance_State_sem__O
  000005d0    000005d0    00000004   00000004    r-- .const:ti_sysbios_knl_Clock_Module_State_clockQ__O
  000005d4    000005d4    00000004   00000004    r-- .const:ti_sysbios_knl_Mailbox_Instance_State_dataQue__O
  000005d8    000005d8    00000004   00000004    r-- .const:ti_sysbios_knl_Mailbox_Instance_State_dataSem__O
  000005dc    000005dc    00000004   00000004    r-- .const:ti_sysbios_knl_Mailbox_Instance_State_freeQue__O
  000005e0    000005e0    00000004   00000004    r-- .const:ti_sysbios_knl_Mailbox_Instance_State_freeSem__O
  000005e4    000005e4    00000004   00000004    r-- .const:ti_sysbios_knl_Semaphore_Instance_State_pendQ__O
  000005e8    000005e8    00000004   00000004    r-- .const:ti_sysbios_knl_Task_Module_State_inactiveQ__O
  000005ec    000005ec    0000873c   0000873c    r-x .text
  00008d28    00008d28    000013d6   000013d6    r-- .const
  0000a100    0000a100    000004d4   000004d4    r-- .cinit
0001ffa8    0001ffa8    00000058   00000058    r--
  0001ffa8    0001ffa8    00000058   00000058    r-- .ccfg
20000000    20000000    000000c8   00000000    rw-
  20000000    20000000    000000c8   00000000    rw- .vecs
20000100    20000100    00000104   00000000    rw-
  20000100    20000100    00000044   00000000    rw- .data:ti_sysbios_knl_Task_Module__state__V
  20000144    20000144    00000034   00000000    rw- .data:ti_sysbios_family_arm_m3_Hwi_Module__state__V
  20000178    20000178    0000002c   00000000    rw- .data:ti_sysbios_knl_Clock_Module__state__V
  200001a4    200001a4    00000024   00000000    rw- .data:ti_sysbios_BIOS_Module__state__V
  200001c8    200001c8    0000001c   00000000    rw- .data:ti_sysbios_knl_Swi_Module__state__V
  200001e4    200001e4    00000008   00000000    rw- .data:ti_sysbios_family_arm_cc26xx_Timer_Module__state__V
  200001ec    200001ec    00000004   00000000    rw- .data:ti_sysbios_family_arm_cc26xx_TimestampProvider_Module__state__V
  200001f0    200001f0    00000008   00000000    rw- .data:xdc_runtime_Startup_Module__state__V
  200001f8    200001f8    00000008   00000000    rw- .data:xdc_runtime_System_Module__state__V
  20000200    20000200    00000004   00000000    rw- .data:xdc_runtime_Memory_Module__state__V
20000430    20000430    00000010   00000000    rw-
  20000430    20000430    00000010   00000000    rw- .TI.bound:dmaSpi0RxControlTableEntry
20000440    20000440    00000010   00000000    rw-
  20000440    20000440    00000010   00000000    rw- .TI.bound:dmaSpi0TxControlTableEntry
20000500    20000500    00000010   00000000    rw-
  20000500    20000500    00000010   00000000    rw- .TI.bound:dmaSpi1RxControlTableEntry
20000510    20000510    00003802   00000000    rw-
  20000510    20000510    00000010   00000000    rw- .TI.bound:dmaSpi1TxControlTableEntry
  20000520    20000520    00003313   00000000    rw- .bss
  20003838    20003838    000004da   00000000    rw- .data
20004d00    20004d00    00000300   00000000    rw-
  20004d00    20004d00    00000300   00000000    rw- .stack


SECTION ALLOCATION MAP

 output                                  attributes/
section   page    origin      length       input sections
--------  ----  ----------  ----------   ----------------
.text      0    000005ec    0000873c     
                  000005ec    00000338     rom_sysbios.aem3 : rom_sysbios.obj (.text:xdc_runtime_System_doPrint__I)
                  00000924    00000324     rtsv7M3_T_le_eabi.lib : trgdrv.obj (.text)
                  00000c48    00000294     receive_fxn.obj (.text:receive_fxn)
                  00000edc    00000228     drivers_cc26xxware.aem3 : PowerCC26XX.oem3 (.text:Power_sleep)
                  00001104    00000204     driverlib.lib : sys_ctrl.obj (.text:NOROM_SysCtrlSetRechargeBeforePowerDown)
                  00001308    000001f8     rtsv7M3_T_le_eabi.lib : s_exp2.obj (.text)
                  00001500    000001f4                           : ull_div_t2.obj (.text)
                  000016f4    000001d0     drivers_cc26xxware.aem3 : PowerCC26XX_calibrateRCOSC.oem3 (.text:calibrateRcoscHf1)
                  000018c4    000001c4                             : PINCC26XX.oem3 (.text:PIN_init)
                  00001a88    000001b6     rtsv7M3_T_le_eabi.lib : fd_add_t2.obj (.text)
                  00001c3e    00000002     drivers_cc26xxware.aem3 : SPICC26XXDMA.oem3 (.text:SPICC26XXDMA_serviceISR)
                  00001c40    000001a8     sensor_setting.obj (.text:set_sensor_setting)
                  00001de8    00000190     drivers_cc26xxware.aem3 : UARTCC26XX.oem3 (.text:UARTCC26XX_open)
                  00001f78    00000188     time_fxn.obj (.text:timer_task)
                  00002100    00000184     drivers_cc26xxware.aem3 : PowerCC26XX_calibrateRCOSC.oem3 (.text:PowerCC26XX_doCalibrate)
                  00002284    00000180     catch_value.obj (.text:catch_sensor_value)
                  00002404    00000170     system_start.obj (.text:system_start)
                  00002574    00000168     protocol_pem3.oem3 (.text:xdc_runtime_System_printfExtend__I)
                  000026dc    00000160     drivers_cc26xxware.aem3 : SPICC26XXDMA.oem3 (.text:SPICC26XXDMA_initIO)
                  0000283c    0000015c     OPT3001.obj (.text:opt3001_get_value)
                  00002998    00000148     drivers_cc26xxware.aem3 : SPICC26XXDMA.oem3 (.text:SPICC26XXDMA_open)
                  00002ae0    00000136     rtsv7M3_T_le_eabi.lib : fd_div_t2.obj (.text)
                  00002c16    00000002     drivers_cc26xxware.aem3 : PowerCC26XX.oem3 (.text:emptyClockFunc)
                  00002c18    00000130     driverlib.lib : setup.obj (.text:NOROM_SetupAfterColdResetWakeupFromShutDownCfg3)
                  00002d48    00000128     hdc1080.obj (.text:hdc1080_get_value)
                  00002e70    00000124     process_frame.obj (.text:process_frame)
                  00002f94    0000011c     drivers_cc26xxware.aem3 : PowerCC26XX.oem3 (.text:Power_init)
                  000030b0    00000118     process_frame.obj (.text:send_reply)
                  000031c8    00000110     receive_fxn.obj (.text:search_valid_frame)
                  000032d8    0000010c     main.obj (.text:main)
                  000033e4    00000100     main.obj (.text:initialization)
                  000034e4    000000fc     drivers_cc26xxware.aem3 : UARTCC26XX.oem3 (.text:UARTCC26XX_write)
                  000035e0    000000fc     rtsv7M3_T_le_eabi.lib : fd_mul_t2.obj (.text)
                  000036dc    000000f8     drivers_cc26xxware.aem3 : I2CCC26XX.oem3 (.text:I2CCC26XX_open)
                  000037d4    000000ec                             : SPICC26XXDMA.oem3 (.text:SPICC26XXDMA_transferCancel)
                  000038c0    000000ec                             : UARTCC26XX.oem3 (.text:UARTCC26XX_hwiIntFxn)
                  000039ac    000000e8                             : I2CCC26XX.oem3 (.text:I2CCC26XX_hwiFxn)
                  00003a94    000000e4     driverlib.lib : setup.obj (.text:NOROM_SetupAfterColdResetWakeupFromShutDownCfg2)
                  00003b78    000000d8     get_log.obj (.text:get_log)
                  00003c50    000000d4     drivers_cc26xxware.aem3 : PowerCC26XX.oem3 (.text:Power_releaseDependency)
                  00003d24    000000d4                             : SPICC26XXDMA.oem3 (.text:SPICC26XXDMA_configDMA)
                  00003df8    000000d4     process_frame.obj (.text:generate_send_packet)
                  00003ecc    000000d0     drivers_cc26xxware.aem3 : PowerCC26XX.oem3 (.text:Power_setDependency)
                  00003f9c    000000d0     lora.obj (.text:set_lora_config)
                  0000406c    000000cc     driverlib.lib : setup.obj (.text:TrimAfterColdResetWakeupFromShutDown)
                  00004138    000000c8     drivers_cc26xxware.aem3 : UARTCC26XX.oem3 (.text:UARTCC26XX_initHw)
                  00004200    000000c4                             : SPICC26XXDMA.oem3 (.text:SPICC26XXDMA_transfer)
                  000042c4    000000c4     store_log.obj (.text:get_next_log)
                  00004388    000000c2     drivers_cc26xxware.aem3 : I2CCC26XX.oem3 (.text:I2CCC26XX_transfer)
                  0000444a    00000002     rtsv7M3_T_le_eabi.lib : i_div0.obj (.text)
                  0000444c    000000c0     driverlib.lib : aux_adc.obj (.text:NOROM_AUXADCEnableSync)
                  0000450c    000000bc     power_cc26xx_tirtos.aem3 : PowerCC26XX_tirtos.oem3 (.text:PowerCC26XX_standbyPolicy)
                  000045c8    000000bc     drivers_cc26xxware.aem3 : UARTCC26XX.oem3 (.text:UARTCC26XX_read)
                  00004684    000000ba     ext_flash.obj (.text:extFlashWrite)
                  0000473e    00000002     rom_sysbios.aem3 : rom_sysbios.obj (.text:ti_sysbios_BIOS_linkedWithIncorrectBootLibrary__E)
                  00004740    000000b8     drivers_cc26xxware.aem3 : PINCC26XX.oem3 (.text:PINCC26XX_setIoCfg)
                  000047f8    000000b8     system_info.obj (.text:system_info)
                  000048b0    000000b4     store_log.obj (.text:modify_sector)
                  00004964    000000b4     receive_fxn.obj (.text:open_lora)
                  00004a18    000000b0     store_log.obj (.text:get_first_log)
                  00004ac8    000000b0     store_log.obj (.text:init_log_storage)
                  00004b78    000000ac     D103.obj (.text:DO_get_value)
                  00004c24    000000ac     ext_flash.obj (.text:extFlashErase)
                  00004cd0    000000a8     ext_flash.obj (.text:extFlashRead)
                  00004d78    000000a4     drivers_cc26xxware.aem3 : ADCCC26XX.oem3 (.text:ADCCC26XX_open)
                  00004e1c    000000a4     driverlib.lib : setup.obj (.text:NOROM_SetupTrimDevice)
                  00004ec0    000000a2     drivers_cc26xxware.aem3 : SPICC26XXDMA.oem3 (.text:SPICC26XXDMA_hwiFxn)
                  00004f62    00000002     protocol_pem3.oem3 (.text:ti_sysbios_BIOS_nullFunc__I)
                  00004f64    000000a0     auto_init.aem3 : auto_init.oem3 (.text)
                  00005004    000000a0     store_log.obj (.text:write_store_info)
                  000050a4    0000009c     main.obj (.text:create_task)
                  00005140    0000009c     receive_ack.obj (.text:receive_ack)
                  000051dc    0000009c     rtsv7M3_T_le_eabi.lib : memcpy_t2.obj (.text)
                  00005278    00000098     sensor_setting.obj (.text:get_sensor_setting)
                  00005310    00000098     rom_sysbios.aem3 : rom_sysbios.obj (.text:ti_sysbios_knl_Clock_workFuncDynamic__E)
                  000053a8    00000094     driverlib.lib : aux_adc.obj (.text:NOROM_AUXADCDisable)
                  0000543c    00000094     drivers_cc26xxware.aem3 : PINCC26XX.oem3 (.text:PIN_open)
                  000054d0    00000094     catch_value.obj (.text:get_sensor_value)
                  00005564    00000094     process_frame.obj (.text:send_ack)
                  000055f8    00000094     drivers_cc26xxware.aem3 : UARTCC26XX.oem3 (.text:writeFinishedDoCallback)
                  0000568c    00000090     T6700.obj (.text:CO2_get_value)
                  0000571c    00000090     drivers_cc26xxware.aem3 : I2CCC26XX.oem3 (.text:I2CCC26XX_cancel)
                  000057ac    00000090                             : PowerCC26XX.oem3 (.text:switchXOSCHFclockFunc)
                  0000583c    0000008c                             : I2CCC26XX.oem3 (.text:I2CCC26XX_primeTransfer)
                  000058c8    0000008c                             : SPICC26XXDMA.oem3 (.text:SPICC26XXDMA_control)
                  00005954    0000008c                             : UARTCC26XX.oem3 (.text:UARTCC26XX_initIO)
                  000059e0    0000008c                             : UARTCC26XX.oem3 (.text:UARTCC26XX_writeCancel)
                  00005a6c    0000008c     ext_flash.obj (.text:extFlashOpen)
                  00005af8    00000086     rtsv7M3_T_le_eabi.lib : fd_cmp_t2.obj (.text:__aeabi_cdcmple)
                  00005b7e    00000086                           : fd_cmp_t2.obj (.text:__aeabi_cdrcmple)
                  00005c04    00000080     drivers_cc26xxware.aem3 : ADCCC26XX.oem3 (.text:ADCCC26XX_convert)
                  00005c84    0000007c                             : PowerCC26XX.oem3 (.text:disableLFClockQualifiers)
                  00005d00    0000007a     rtsv7M3_T_le_eabi.lib : memset_t2.obj (.text)
                  00005d7a    00000002     rom_sysbios.aem3 : rom_sysbios.obj (.text:ti_sysbios_knl_Clock_triggerFunc__I)
                  00005d7c    00000078     driverlib.lib : setup.obj (.text:NOROM_SetupAfterColdResetWakeupFromShutDownCfg1)
                  00005df4    00000078     drivers_cc26xxware.aem3 : UARTCC26XX.oem3 (.text:UARTCC26XX_close)
                  00005e6c    00000078     receive_fxn.obj (.text:calculate_crc)
                  00005ee4    00000074     drivers_cc26xxware.aem3 : PowerCC26XX_calibrateRCOSC.oem3 (.text:PowerCC26XX_auxISR)
                  00005f58    00000074                             : PowerCC26XX_calibrateRCOSC.oem3 (.text:calibrateRcoscHf2)
                  00005fcc    00000074     lora.obj (.text:set_lora_mode)
                  00006040    00000074     drivers_cc26xxware.aem3 : UARTCC26XX.oem3 (.text:writeTxFifoFlush)
                  000060b4    00000070     driverlib.lib : chipinfo.obj (.text:NOROM_ChipInfo_GetHwRevision)
                  00006124    00000070     drivers_cc26xxware.aem3 : UARTCC26XX.oem3 (.text:UARTCC26XX_readCancel)
                  00006194    00000070     bsp_spi.obj (.text:bspSpiOpen)
                  00006204    0000006e     rtsv7M3_T_le_eabi.lib : fd_tos_t2.obj (.text)
                  00006272    00000002     protocol_pem3.oem3 (.text:ti_sysbios_rom_cortexm_cc26xx_CC26xx_badRomRevision__E)
                  00006274    0000006d     rom_sysbios.aem3 : rom_sysbios.obj (.text:xdc_runtime_System_formatNum__I)
                  000062e1    00000001     --HOLE-- [fill = 0]
                  000062e2    00000002                      : rom_sysbios.obj (.text:xdc_runtime_SysCallback_defaultAbort)
                  000062e4    0000006c     driverlib.lib : setup.obj (.text:NOROM_SetupGetTrimForAmpcompCtrl)
                  00006350    0000006c     drivers_cc26xxware.aem3 : PINCC26XX.oem3 (.text:PIN_add)
                  000063bc    0000006c                             : PowerCC26XX.oem3 (.text:PowerCC26XX_calibrate)
                  00006428    0000006a     rtsv7M3_T_le_eabi.lib : copy_decompress_rle.obj (.text)
                  00006492    00000002     rom_sysbios.aem3 : rom_sysbios.obj (.text:xdc_runtime_SysCallback_defaultExit)
                  00006494    00000068     driverlib.lib : setup.obj (.text:NOROM_SetupGetTrimForAnabypassValue1)
                  000064fc    00000068                   : sys_ctrl.obj (.text:NOROM_SysCtrl_DCDC_VoltageConditionalControl)
                  00006564    00000068     rtsv7M3_T_le_eabi.lib : trgmsg.obj (.text)
                  000065cc    00000064     drivers_cc26xxware.aem3 : I2CCC26XX.oem3 (.text:I2CCC26XX_close)
                  00006630    00000064                             : I2CCC26XX.oem3 (.text:I2CCC26XX_initIO)
                  00006694    00000064     store_log.obj (.text:get_store_info)
                  000066f8    00000064     rom_sysbios.aem3 : rom_sysbios.obj (.text:ti_sysbios_family_arm_cc26xx_Timer_start__E)
                  0000675c    00000060     drivers_cc26xxware.aem3 : PowerCC26XX_calibrateRCOSC.oem3 (.text:PowerCC26XX_RCOSC_clockFunc)
                  000067bc    00000060                             : SPICC26XXDMA.oem3 (.text:SPICC26XXDMA_initHw)
                  0000681c    00000060                             : PowerCC26XX_calibrateRCOSC.oem3 (.text:updateSubSecInc)
                  0000687c    0000005c     driverlib.lib : osc.obj (.text:NOROM_OSCHF_AttemptToSwitchToXosc)
                  000068d8    0000005c                   : sys_ctrl.obj (.text:NOROM_SysCtrlAdjustRechargeAfterPowerDown)
                  00006934    0000005c     drivers_cc26xxware.aem3 : PINCC26XX.oem3 (.text:PIN_remove)
                  00006990    0000005c                             : UDMACC26XX.oem3 (.text:UDMACC26XX_open)
                  000069ec    0000005c     OPT3001.obj (.text:opt3001_config)
                  00006a48    0000005c     protocol_pem3.oem3 (.text:xdc_runtime_Startup_getState__I)
                  00006aa4    0000005a     drivers_cc26xxware.aem3 : SPICC26XXDMA.oem3 (.text:SPICC26XXDMA_close)
                  00006afe    00000058                             : I2CCC26XX.oem3 (.text:I2CCC26XX_swiFxn)
                  00006b56    00000002     --HOLE-- [fill = 0]
                  00006b58    00000058                             : PowerCC26XX_calibrateRCOSC.oem3 (.text:PowerCC26XX_initiateCalibration)
                  00006bb0    00000058                             : UARTCC26XX.oem3 (.text:UARTCC26XX_control)
                  00006c08    00000058     store_log.obj (.text:slide_info_last)
                  00006c60    00000054     bsp_spi.obj (.text:bspSpiClose)
                  00006cb4    00000054     drivers_cc26xxware.aem3 : PowerCC26XX.oem3 (.text:configureXOSCHF)
                  00006d08    00000052                             : SPICC26XXDMA.oem3 (.text:SPICC26XXDMA_swiFxn)
                  00006d5a    00000002     --HOLE-- [fill = 0]
                  00006d5c    00000050     driverlib.lib : setup.obj (.text:NOROM_SetupSetCacheModeAccordingToCcfgSetting)
                  00006dac    00000050     ext_flash.obj (.text:extFlashVerifyPart)
                  00006dfc    0000004c     driverlib.lib : osc.obj (.text:NOROM_OSCClockSourceSet)
                  00006e48    0000004c     drivers_cc26xxware.aem3 : UARTCC26XX.oem3 (.text:UARTCC26XX_swiIntFxn)
                  00006e94    0000004c     ext_flash.obj (.text:extFlashWaitReady)
                  00006ee0    0000004c     rtsv7M3_T_le_eabi.lib : cpy_tbl.obj (.text)
                  00006f2c    0000004c     store_log.obj (.text:spi_clear_log)
                  00006f78    0000004c     drivers_cc26xxware.aem3 : UARTCC26XX.oem3 (.text:startTxFifoEmptyClk)
                  00006fc4    00000048                             : I2CCC26XX.oem3 (.text:I2CCC26XX_initHw)
                  0000700c    00000048     driverlib.lib : chipinfo.obj (.text:NOROM_ChipInfo_GetChipFamily)
                  00007054    00000048                   : ddi.obj (.text:NOROM_DDI16BitfieldWrite)
                  0000709c    00000048     drivers_cc26xxware.aem3 : PINCC26XX.oem3 (.text:PIN_setOutputEnable)
                  000070e4    00000048                             : PINCC26XX.oem3 (.text:PIN_swi)
                  0000712c    00000048     ext_flash.obj (.text:extFlashPowerStandby)
                  00007174    00000048     drivers_cc26xxware.aem3 : PowerCC26XX.oem3 (.text:notify)
                  000071bc    00000048     rtsv7M3_T_le_eabi.lib : fd_toi_t2.obj (.text)
                  00007204    00000048     time_sync.obj (.text:time_sync)
                  0000724c    00000044     YGC160FS.obj (.text:YGC160FS_get_value)
                  00007290    00000044     boot.aem3 : boot.oem3 (.text)
                  000072d4    00000044     rtsv7M3_T_le_eabi.lib : fd_tou_t2.obj (.text)
                  00007318    00000044     rom_sysbios.aem3 : rom_sysbios.obj (.text:xdc_runtime_SysMin_flush__E)
                  0000735c    00000040     driverlib.lib : ddi.obj (.text:NOROM_DDI16BitfieldRead)
                  0000739c    00000040     ext_flash.obj (.text:extFlashClose)
                  000073dc    00000040     rtsv7M3_T_le_eabi.lib : u_divt2.obj (.text)
                  0000741c    0000003c     drivers_cc26xxware.aem3 : ADCCC26XX.oem3 (.text:ADCCC26XX_close)
                  00007458    0000003c     driverlib.lib : osc.obj (.text:NOROM_OSC_HPOSCRelativeFrequencyOffsetGet)
                  00007494    0000003c     drivers_cc26xxware.aem3 : PINCC26XX.oem3 (.text:PINCC26XX_getConfig)
                  000074d0    0000003c                             : PINCC26XX.oem3 (.text:PIN_setOutputValue)
                  0000750c    0000003c                             : SPICC26XXDMA.oem3 (.text:SPICC26XXDMA_csnCallback)
                  00007548    0000003a     main.obj (.text:PostNotify)
                  00007582    00000002     --HOLE-- [fill = 0]
                  00007584    00000038     drivers_cc26xxware.aem3 : ADCCC26XX.oem3 (.text:ADCCC26XX_convertRawToMicroVolts)
                  000075bc    00000038                             : ADC.oem3 (.text:ADC_init)
                  000075f4    00000038                             : I2C.oem3 (.text:I2C_init)
                  0000762c    00000038                             : PINCC26XX.oem3 (.text:PIN_setInterrupt)
                  00007664    00000038                             : SPI.oem3 (.text:SPI_init)
                  0000769c    00000038                             : UART.oem3 (.text:UART_init)
                  000076d4    00000038     bsp_spi.obj (.text:bspSpiRead)
                  0000770c    00000038     bsp_spi.obj (.text:bspSpiWrite)
                  00007744    00000038     lora.obj (.text:get_lora_config)
                  0000777c    00000038     drivers_cc26xxware.aem3 : UARTCC26XX.oem3 (.text:readData)
                  000077b4    00000038     rtsv7M3_T_le_eabi.lib : fs_tod_t2.obj (.text)
                  000077ec    00000038     rom_sysbios.aem3 : rom_sysbios.obj (.text:ti_sysbios_family_arm_cc26xx_Timer_getCurrentTick__E)
                  00007824    00000038     drivers_cc26xxware.aem3 : UARTCC26XX.oem3 (.text:writeData)
                  0000785c    00000038     rom_sysbios.aem3 : rom_sysbios.obj (.text:xdc_runtime_SysMin_putch__E)
                  00007894    00000036     drivers_cc26xxware.aem3 : UDMACC26XX.oem3 (.text:UDMACC26XX_close)
                  000078ca    00000002     --HOLE-- [fill = 0]
                  000078cc    00000034     driverlib.lib : aux_adc.obj (.text:NOROM_AUXADCDisableInputScaling)
                  00007900    00000034                   : osc.obj (.text:NOROM_OSCHF_SwitchToRcOscTurnOffXosc)
                  00007934    00000034     drivers_cc26xxware.aem3 : PINCC26XX.oem3 (.text:PIN_setConfig)
                  00007968    00000034     get_log.obj (.text:clear_log)
                  0000799c    00000034     disconnect.obj (.text:disconnect)
                  000079d0    00000034     hdc1080.obj (.text:hdc1080_config)
                  00007a04    00000034     I2C.obj (.text:read_i2c)
                  00007a38    00000034     store_log.obj (.text:spi_get_config)
                  00007a6c    00000034     I2C.obj (.text:write_i2c)
                  00007aa0    00000032     ext_flash.obj (.text:extFlashWaitPowerDown)
                  00007ad2    00000032     ADC.obj (.text:read_adc)
                  00007b04    00000032     rom_sysbios.aem3 : rom_sysbios.obj (.text:ti_sysbios_family_arm_cc26xx_Timer_setNextTick__E)
                  00007b36    00000002     --HOLE-- [fill = 0]
                  00007b38    00000030     drivers_cc26xxware.aem3 : I2C.oem3 (.text:I2C_open)
                  00007b68    00000030     driverlib.lib : setup.obj (.text:NOROM_SetupSetAonRtcSubSecInc)
                  00007b98    00000030     drivers_cc26xxware.aem3 : PowerCC26XX.oem3 (.text:Power_releaseConstraint)
                  00007bc8    00000030                             : PowerCC26XX.oem3 (.text:Power_setConstraint)
                  00007bf8    00000030                             : SPI.oem3 (.text:SPI_open)
                  00007c28    00000030     driverlib.lib : adi.obj (.text:SafeHapiAuxAdiSelect)
                  00007c58    00000030     drivers_cc26xxware.aem3 : UART.oem3 (.text:UART_open)
                  00007c88    00000030     ext_flash.obj (.text:extFlashWriteEnable)
                  00007cb8    00000030     rtsv7M3_T_le_eabi.lib : strncpy.obj (.text)
                  00007ce8    00000030     store_log.obj (.text:spi_clear_everything)
                  00007d18    00000030     protocol_pem3.oem3 (.text:ti_sysbios_BIOS_atExitFunc__I)
                  00007d48    00000030     protocol_pem3.oem3 (.text:ti_sysbios_BIOS_startFunc__I)
                  00007d78    00000030     rom_sysbios.aem3 : rom_sysbios.obj (.text:ti_sysbios_family_arm_cc26xx_Timer_initDevice__I)
                  00007da8    00000030                      : rom_sysbios.obj (.text:ti_sysbios_family_arm_cc26xx_Timer_setThreshold__I)
                  00007dd8    00000030                      : rom_sysbios.obj (.text:xdc_runtime_SysMin_abort__E)
                  00007e08    0000002e     ext_flash.obj (.text:extFlashPowerDown)
                  00007e36    0000002e     rtsv7M3_T_le_eabi.lib : i_tofd_t2.obj (.text)
                  00007e64    0000002c     driverlib.lib : ddi.obj (.text:NOROM_DDI32RegWrite)
                  00007e90    0000002c                   : setup.obj (.text:NOROM_SetupGetTrimForRadcExtCfg)
                  00007ebc    0000002c     drivers_cc26xxware.aem3 : PINCC26XX.oem3 (.text:PINCC26XX_setMux)
                  00007ee8    0000002c     dev_distinguish.obj (.text:dev_distinguish)
                  00007f14    0000002c     store_log.obj (.text:get_default_info)
                  00007f40    0000002c     rom_sysbios.aem3 : rom_sysbios_config.obj (.text:ti_sysbios_gates_GateHwi_construct)
                  00007f6c    0000002c                      : rom_sysbios.obj (.text:ti_sysbios_knl_Clock_getTicksUntilInterrupt__E)
                  00007f98    0000002a                      : rom_sysbios.obj (.text:xdc_runtime_System_putchar__I)
                  00007fc2    00000002     --HOLE-- [fill = 0]
                  00007fc4    00000028     drivers_cc26xxware.aem3 : ADC.oem3 (.text:ADC_open)
                  00007fec    00000028     driverlib.lib : aon_batmon.obj (.text:NOROM_AONBatMonTemperatureGetDegC)
                  00008014    00000028     drivers_cc26xxware.aem3 : PowerCC26XX.oem3 (.text:Power_registerNotify)
                  0000803c    00000028                             : SPICC26XXDMA.oem3 (.text:SPICC26XXDMA_flushFifos)
                  00008064    00000028     driverlib.lib : adi.obj (.text:SafeHapiVoid)
                  0000808c    00000028     store_log.obj (.text:spi_store_config)
                  000080b4    00000028     rom_sysbios.aem3 : rom_sysbios.obj (.text:ti_sysbios_family_arm_cc26xx_Timer_getMaxTicks__E)
                  000080dc    00000026     drivers_cc26xxware.aem3 : List.oem3 (.text:List_put)
                  00008102    00000002     --HOLE-- [fill = 0]
                  00008104    00000024                             : PINCC26XX.oem3 (.text:PINCC26XX_getPinCount)
                  00008128    00000024     receive_fxn.obj (.text:Random)
                  0000814c    00000024     drivers_cc26xxware.aem3 : PowerCC26XX_calibrateRCOSC.oem3 (.text:getTdcSemaphore)
                  00008170    00000024     rtsv7M3_T_le_eabi.lib : u_tofs_t2.obj (.text)
                  00008194    00000024     protocol_pem3.oem3 (.text:ti_sysbios_BIOS_registerRTSLock__I)
                  000081b8    00000024     protocol_pem3.oem3 (.text:ti_sysbios_BIOS_removeRTSLock__I)
                  000081dc    00000024     rom_sysbios.aem3 : rom_sysbios.obj (.text:ti_sysbios_family_arm_cc26xx_Seconds_set__E)
                  00008200    00000022     driverlib.lib : aux_adc.obj (.text:NOROM_AUXADCAdjustValueForGainAndOffset)
                  00008222    00000022     rtsv7M3_T_le_eabi.lib : memcmp.obj (.text)
                  00008244    00000022     protocol_pem3.oem3 (.text:xdc_runtime_SysMin_output__I)
                  00008266    00000002     --HOLE-- [fill = 0]
                  00008268    00000020     driverlib.lib : setup.obj (.text:NOROM_SetupGetTrimForXoscHfCtl)
                  00008288    00000020     drivers_cc26xxware.aem3 : PowerCC26XX.oem3 (.text:Power_unregisterNotify)
                  000082a8    00000020     rtsv7M3_T_le_eabi.lib : u_tofd_t2.obj (.text)
                  000082c8    00000020     protocol_pem3.oem3 (.text:ti_sysbios_BIOS_rtsLock__I)
                  000082e8    00000020     rom_sysbios.aem3 : rom_sysbios.obj (.text:ti_sysbios_knl_Clock_stop__E)
                  00008308    00000020                      : rom_sysbios.obj (.text:xdc_runtime_SysMin_Module_startup__E)
                  00008328    0000001e     drivers_cc26xxware.aem3 : PINCC26XX.oem3 (.text:PIN_close)
                  00008346    0000001e                             : PowerCC26XX.oem3 (.text:Power_getTransitionLatency)
                  00008364    0000001e     bsp_spi.obj (.text:SSIBusy)
                  00008382    00000002     --HOLE-- [fill = 0]
                  00008384    0000001c     driverlib.lib : aux_adc.obj (.text:NOROM_AUXADCGetAdjustmentGain)
                  000083a0    0000001c                   : osc.obj (.text:NOROM_OSCClockSourceGet)
                  000083bc    0000001c                   : setup.obj (.text:NOROM_SetupGetTrimForAmpcompTh2)
                  000083d8    0000001c                   : setup.obj (.text:NOROM_SetupGetTrimForRcOscLfRtuneCtuneTrim)
                  000083f4    0000001c     drivers_cc26xxware.aem3 : PINCC26XX.oem3 (.text:PINCC26XX_setIoCfgMux)
                  00008410    0000001c                             : PINCC26XX.oem3 (.text:PIN_hwi)
                  0000842c    0000001c                             : UDMACC26XX.oem3 (.text:UDMACC26XX_initHw)
                  00008448    0000001c     I2C.obj (.text:open_i2c)
                  00008464    0000001c     main.obj (.text:set_pin)
                  00008480    0000001c     rom_sysbios.aem3 : rom_sysbios.obj (.text:ti_sysbios_family_arm_cc26xx_Timer_dynamicStub__E)
                  0000849c    0000001c                      : rom_sysbios.obj (.text:xdc_runtime_SysMin_exit__E)
                  000084b8    0000001a     drivers_cc26xxware.aem3 : List.oem3 (.text:List_remove)
                  000084d2    0000001a     rom_sysbios.aem3 : rom_sysbios_config.obj (.text:xdc_runtime_System_snprintf__E)
                  000084ec    00000018     driverlib.lib : aon_rtc.obj (.text:NOROM_AONRTCCurrentCompareValueGet)
                  00008504    00000018                   : aux_adc.obj (.text:NOROM_AUXADCGetAdjustmentOffset)
                  0000851c    00000018                   : chipinfo.obj (.text:NOROM_ChipInfo_GetPackageType)
                  00008534    00000018                   : osc.obj (.text:NOROM_OSCHF_TurnOnXosc)
                  0000854c    00000018                   : setup.obj (.text:NOROM_SetupGetTrimForAdcShModeEn)
                  00008564    00000018                   : setup.obj (.text:NOROM_SetupGetTrimForAdcShVbufEn)
                  0000857c    00000018                   : setup.obj (.text:NOROM_SetupGetTrimForAmpcompTh1)
                  00008594    00000018                   : setup.obj (.text:NOROM_SetupGetTrimForDblrLoopFilterResetVoltage)
                  000085ac    00000018                   : setup.obj (.text:NOROM_SetupGetTrimForRcOscLfIBiasTrim)
                  000085c4    00000018                   : setup.obj (.text:NOROM_SetupGetTrimForXoscLfRegulatorAndCmirrwrRatio)
                  000085dc    00000018     drivers_cc26xxware.aem3 : PINCC26XX.oem3 (.text:PIN_getConfig)
                  000085f4    00000018                             : PowerCC26XX.oem3 (.text:Power_idleFunc)
                  0000860c    00000018                             : UARTCC26XX.oem3 (.text:UARTCC26XX_init)
                  00008624    00000018                             : UART.oem3 (.text:UART_Params_init)
                  0000863c    00000018     bsp_spi.obj (.text:bspSpiFlush)
                  00008654    00000018     drivers_cc26xxware.aem3 : PowerCC26XX.oem3 (.text:configureRFCoreClocks)
                  0000866c    00000018     rtsv7M3_T_le_eabi.lib : args_main.obj (.text)
                  00008684    00000018                           : ll_mul_t2.obj (.text)
                  0000869c    00000018     main.obj (.text:start_receive)
                  000086b4    00000018     protocol_pem3.oem3 (.text:ti_sysbios_BIOS_rtsUnlock__I)
                  000086cc    00000018     rom_sysbios.aem3 : rom_sysbios.obj (.text:ti_sysbios_knl_Swi_or__E)
                  000086e4    00000018     protocol_pem3.oem3 (.text:ti_sysbios_rom_cortexm_cc26xx_CC26xx_checkRevision__E)
                  000086fc    00000016     ADC.obj (.text:open_adc)
                  00008712    00000016     rtsv7M3_T_le_eabi.lib : strcpy.obj (.text)
                  00008728    00000016     protocol_pem3.oem3 (.text:ti_sysbios_BIOS_exitFunc__I)
                  0000873e    00000016     main.obj (.text:ti_sysbios_knl_Clock_Params_init)
                  00008754    00000016     main.obj (.text:ti_sysbios_knl_Task_Params_init)
                  0000876a    00000002     --HOLE-- [fill = 0]
                  0000876c    00000014     driverlib.lib : aon_rtc.obj (.text:NOROM_AONRTCCurrent64BitValueGet)
                  00008780    00000014                   : aux_adc.obj (.text:NOROM_AUXADCValueToMicrovolts)
                  00008794    00000014                   : chipinfo.obj (.text:NOROM_ThisCodeIsBuiltForCC26xxHwRev22AndLater_HaltIfViolated)
                  000087a8    00000014     drivers_cc26xxware.aem3 : PINCC26XX.oem3 (.text:PINCC26XX_getOutputValue)
                  000087bc    00000014     receive_fxn.obj (.text:Random_Init)
                  000087d0    00000014     drivers_cc26xxware.aem3 : SPI.oem3 (.text:SPI_Params_init)
                  000087e4    00000014     process_frame.obj (.text:SysCtrlSystemReset)
                  000087f8    00000014     ext_flash.obj (.text:extFlashDeselect)
                  0000880c    00000014     ext_flash.obj (.text:extFlashSelect)
                  00008820    00000014     rtsv7M3_T_le_eabi.lib : _lock.obj (.text)
                  00008834    00000014                           : strlen.obj (.text)
                  00008848    00000014     protocol_pem3.oem3 (.text:ti_sysbios_knl_Clock_doTick__I)
                  0000885c    00000014     time_fxn.obj (.text:timer_fxn)
                  00008870    00000014     ADC.obj (.text:write_adc)
                  00008884    00000012     rom_sysbios.aem3 : rom_sysbios.obj (.text:ti_sysbios_knl_Semaphore_reset__E)
                  00008896    00000012     protocol_pem3.oem3 (.text:xdc_runtime_Startup_exec__I)
                  000088a8    00000010     drivers_cc26xxware.aem3 : I2C.oem3 (.text:I2C_Params_init)
                  000088b8    00000010     driverlib.lib : aux_adc.obj (.text:NOROM_AUXADCFlushFifo)
                  000088c8    00000010                   : aux_adc.obj (.text:NOROM_AUXADCReadFifo)
                  000088d8    00000010                   : setup.obj (.text:NOROM_SetupGetTrimForXoscHfFastStart)
                  000088e8    00000010                   : setup.obj (.text:NOROM_SetupGetTrimForXoscHfIbiastherm)
                  000088f8    00000010     main.obj (.text:get_pin)
                  00008908    00000010     drivers_cc26xxware.aem3 : I2CCC26XX.oem3 (.text:i2cPostNotify)
                  00008918    00000010                             : UARTCC26XX.oem3 (.text:uartPostNotify)
                  00008928    00000010     rom_sysbios.aem3 : rom_sysbios.obj (.text:xdc_runtime_SysMin_ready__E)
                  00008938    00000010                      : rom_sysbios.obj (.text:xdc_runtime_System_vsnprintf__E)
                  00008948    0000000e     driverlib.lib : setup.obj (.text:NOROM_SetupSignExtendVddrTrimValue)
                  00008956    0000000e                   : vims.obj (.text:NOROM_VIMSModeGet)
                  00008964    0000000e     drivers_cc26xxware.aem3 : SPICC26XXDMA.oem3 (.text:SPICC26XXDMA_init)
                  00008972    0000000e     rtsv7M3_T_le_eabi.lib : copy_decompress_none.obj (.text:decompress:none)
                  00008980    0000000e     rom_sysbios.aem3 : rom_sysbios.obj (.text:ti_sysbios_family_arm_cc26xx_TimestampProvider_get32__E)
                  0000898e    0000000c     driverlib.lib : cpu.obj (.text:NOROM_CPUcpsid)
                  0000899a    0000000c                   : cpu.obj (.text:NOROM_CPUcpsie)
                  000089a6    0000000c     drivers_cc26xxware.aem3 : PINCC26XX.oem3 (.text:PIN_registerIntCb)
                  000089b2    00000002     --HOLE-- [fill = 0]
                  000089b4    0000000c                             : PowerCC26XX.oem3 (.text:Power_getConstraintMask)
                  000089c0    0000000c                             : PowerCC26XX.oem3 (.text:Power_getDependencyCount)
                  000089cc    0000000c     ADC.obj (.text:close_adc)
                  000089d8    0000000c     I2C.obj (.text:close_i2c)
                  000089e4    0000000c     drivers_cc26xxware.aem3 : SPICC26XXDMA.oem3 (.text:spiPostNotify)
                  000089f0    0000000c     catch_value.obj (.text:ti_sysbios_gates_GateHwi_handle)
                  000089fc    0000000c     ext_flash.obj (.text:ti_sysbios_gates_GateHwi_handle)
                  00008a08    0000000c     process_frame.obj (.text:ti_sysbios_gates_GateHwi_handle)
                  00008a14    0000000c     receive_ack.obj (.text:ti_sysbios_gates_GateHwi_handle)
                  00008a20    0000000c     sensor_setting.obj (.text:ti_sysbios_gates_GateHwi_handle)
                  00008a2c    0000000c     system_start.obj (.text:ti_sysbios_gates_GateHwi_handle)
                  00008a38    0000000c     time_fxn.obj (.text:ti_sysbios_gates_GateHwi_handle)
                  00008a44    0000000c     main.obj (.text:ti_sysbios_knl_Semaphore_handle)
                  00008a50    0000000c     time_fxn.obj (.text:ti_sysbios_knl_Semaphore_handle)
                  00008a5c    0000000c     rom_sysbios.aem3 : rom_sysbios.obj (.text:ti_sysbios_knl_Swi_getTrigger__E)
                  00008a68    0000000c     protocol_pem3.oem3 (.text:xdc_runtime_Startup_reset__I)
                  00008a74    0000000c     rom_sysbios.aem3 : rom_sysbios.obj (.text:xdc_runtime_Startup_rtsDone__E)
                  00008a80    0000000a     drivers_cc26xxware.aem3 : ADC.oem3 (.text:ADC_close)
                  00008a8a    0000000a                             : ADC.oem3 (.text:ADC_convert)
                  00008a94    0000000a                             : ADC.oem3 (.text:ADC_convertRawToMicroVolts)
                  00008a9e    0000000a                             : I2CCC26XX.oem3 (.text:I2CCC26XX_init)
                  00008aa8    0000000a                             : I2C.oem3 (.text:I2C_close)
                  00008ab2    0000000a                             : I2C.oem3 (.text:I2C_transfer)
                  00008abc    0000000a                             : List.oem3 (.text:List_empty)
                  00008ac6    0000000a                             : SPI.oem3 (.text:SPI_close)
                  00008ad0    0000000a                             : SPI.oem3 (.text:SPI_transfer)
                  00008ada    0000000a                             : UART.oem3 (.text:UART_close)
                  00008ae4    0000000a                             : UART.oem3 (.text:UART_control)
                  00008aee    0000000a                             : UART.oem3 (.text:UART_read)
                  00008af8    0000000a                             : UART.oem3 (.text:UART_write)
                  00008b02    0000000a                             : UDMACC26XX.oem3 (.text:UDMACC26XX_hwiIntFxn)
                  00008b0c    00000008                             : ADCCC26XX.oem3 (.text:ADCCC26XX_init)
                  00008b14    00000008                             : I2CCC26XX.oem3 (.text:I2CCC26XX_blockingCallback)
                  00008b1c    00000008                             : SPICC26XXDMA.oem3 (.text:SPICC26XXDMA_transferCallback)
                  00008b24    00000008                             : UARTCC26XX.oem3 (.text:readSemCallback)
                  00008b2c    00000008                             : UARTCC26XX.oem3 (.text:writeSemCallback)
                  00008b34    00000006                             : ADCCC26XX.oem3 (.text:ADCCC26XX_control)
                  00008b3a    00000006                             : ADC.oem3 (.text:ADC_Params_init)
                  00008b40    00000006                             : I2CCC26XX.oem3 (.text:I2CCC26XX_control)
                  00008b46    00000006     driverlib.lib : cpu.obj (.text:NOROM_CPUdelay)
                  00008b4c    00000006     drivers_cc26xxware.aem3 : UARTCC26XX.oem3 (.text:UARTCC26XX_readPolling)
                  00008b52    00000006                             : UARTCC26XX.oem3 (.text:UARTCC26XX_writePolling)
                  00008b58    00000006     rtsv7M3_T_le_eabi.lib : copy_decompress_rle.obj (.text:decompress:rle24)
                  00008b5e    00000004     tirtosport.aem3 : HwiP_tirtos.oem3 (.text:HwiP_disable)
                  00008b62    00000004     drivers_cc26xxware.aem3 : List.oem3 (.text:List_head)
                  00008b66    00000004                             : List.oem3 (.text:List_next)
                  00008b6a    00000004                             : PowerCC26XX.oem3 (.text:nopResourceHandler)
                  00008b6e    00000004     rom_sysbios.aem3 : rom_sysbios.obj (.text:ti_sysbios_family_arm_cc26xx_Timer_getCount64__E)
                  00008b72    00000004                      : rom_sysbios.obj (.text:xdc_runtime_System_snprintf_va__F)
                  00008b76    00000002     --HOLE-- [fill = 0]
                  00008b78    00000008     (.tramp.xdc_runtime_Startup_startMods__I.1)
                  00008b80    00000008     (.tramp.ti_sysbios_knl_Clock_logTick__E.1)
                  00008b88    00000008     (.tramp.ti_sysbios_knl_Task_Params__init__S.1)
                  00008b90    00000008     (.tramp.ti_sysbios_BIOS_RtsGateProxy_leave__E.1)
                  00008b98    00000008     (.tramp.ti_sysbios_BIOS_RtsGateProxy_enter__E.1)
                  00008ba0    00000008     (.tramp.ti_sysbios_gates_GateHwi_Instance_init__E.1)
                  00008ba8    00000008     (.tramp.xdc_runtime_Core_constructObject__I.1)
                  00008bb0    00000008     (.tramp.ti_sysbios_knl_Task_startup__E.1)
                  00008bb8    00000008     (.tramp.ti_sysbios_knl_Swi_startup__E.1)
                  00008bc0    00000008     (.tramp.ti_sysbios_hal_Hwi_startup__E.1)
                  00008bc8    00000008     (.tramp.ti_sysbios_family_arm_cc26xx_Timer_startup__E.1)
                  00008bd0    00000008     (.tramp.xdc_runtime_System_atexit__E.1)
                  00008bd8    00000008     (.tramp.ti_sysbios_BIOS_setThreadType__E.1)
                  00008be0    00000008     (.tramp.xdc_runtime_Gate_leaveSystem__E.1)
                  00008be8    00000008     (.tramp.xdc_runtime_Gate_enterSystem__E.1)
                  00008bf0    00000008     (.tramp.xdc_runtime_System_exit__E.1)
                  00008bf8    00000008     (.tramp.ti_sysbios_knl_Task_exit__E.1)
                  00008c00    00000008     (.tramp.ti_sysbios_knl_Clock_destruct.1)
                  00008c08    00000008     (.tramp.ti_sysbios_knl_Semaphore_destruct.1)
                  00008c10    00000008     (.tramp.ti_sysbios_knl_Swi_destruct.1)
                  00008c18    00000008     (.tramp.ti_sysbios_family_arm_m3_Hwi_destruct.1)
                  00008c20    00000008     (.tramp.ti_sysbios_knl_Clock_scheduleNextTick__E.1)
                  00008c28    00000008     (.tramp.ti_sysbios_knl_Clock_walkQueueDynamic__E.1)
                  00008c30    00000008     (.tramp.ti_sysbios_knl_Clock_TimerProxy_getCurrentTick__E.1)
                  00008c38    00000008     (.tramp.ti_sysbios_knl_Clock_create.1)
                  00008c40    00000008     (.tramp.ti_sysbios_knl_Task_construct.1)
                  00008c48    00000008     (.tramp.ti_sysbios_knl_Semaphore_post__E.1)
                  00008c50    00000008     (.tramp.ti_sysbios_family_arm_m3_Hwi_enableInterrupt__E.1)
                  00008c58    00000008     (.tramp.ti_sysbios_family_arm_m3_Hwi_disableInterrupt__E.1)
                  00008c60    00000008     (.tramp.ti_sysbios_BIOS_getCpuFreq__E.1)
                  00008c68    00000008     (.tramp.ti_sysbios_knl_Swi_post__E.1)
                  00008c70    00000008     (.tramp.ti_sysbios_BIOS_start__E.1)
                  00008c78    00000008     (.tramp.xdc_runtime_System_abort__E.1)
                  00008c80    00000008     (.tramp.ti_sysbios_knl_Clock_setTimeout__E.1)
                  00008c88    00000008     (.tramp.ti_sysbios_knl_Task_sleep__E.1)
                  00008c90    00000008     (.tramp.xdc_runtime_System_abortSpin__E.1)
                  00008c98    00000008     (.tramp.ti_sysbios_knl_Semaphore_pend__E.1)
                  00008ca0    00000008     (.tramp.ti_sysbios_knl_Clock_construct.1)
                  00008ca8    00000008     (.tramp.ti_sysbios_knl_Clock_Params__init__S.1)
                  00008cb0    00000008     (.tramp.ti_sysbios_family_arm_m3_Hwi_restoreFxn__E.1)
                  00008cb8    00000008     (.tramp.ti_sysbios_family_arm_m3_Hwi_disableFxn__E.1)
                  00008cc0    00000008     (.tramp.ti_sysbios_gates_GateHwi_leave__E.1)
                  00008cc8    00000008     (.tramp.ti_sysbios_gates_GateHwi_enter__E.1)
                  00008cd0    00000008     (.tramp.ti_sysbios_knl_Swi_construct.1)
                  00008cd8    00000008     (.tramp.ti_sysbios_knl_Swi_Params__init__S.1)
                  00008ce0    00000008     (.tramp.ti_sysbios_family_arm_m3_Hwi_construct.1)
                  00008ce8    00000008     (.tramp.ti_sysbios_family_arm_m3_Hwi_Params__init__S.1)
                  00008cf0    00000008     (.tramp.ti_sysbios_knl_Semaphore_construct.1)
                  00008cf8    00000008     (.tramp.ti_sysbios_knl_Semaphore_Params__init__S.1)
                  00008d00    00000008     (.tramp.ti_sysbios_knl_Task_restore__E.1)
                  00008d08    00000008     (.tramp.ti_sysbios_knl_Swi_restore__E.1)
                  00008d10    00000008     (.tramp.ti_sysbios_knl_Swi_disable__E.1)
                  00008d18    00000008     (.tramp.ti_sysbios_knl_Task_disable__E.1)
                  00008d20    00000008     (.tramp.ti_sysbios_knl_Clock_start__E.1)

.const     0    00008d28    000013d6     
                  00008d28    00001000     rtsv7M3_T_le_eabi.lib : s_exp2.obj (.const:tbl)
                  00009d28    00000054     drivers_cc26xxware.aem3 : SPICC26XXDMA.oem3 (.const)
                  00009d7c    0000004c                             : PowerCC26XX.oem3 (.const:resourceDB)
                  00009dc8    00000048     protocol_pem3.oem3 (.const:.string)
                  00009e10    00000040     drivers_cc26xxware.aem3 : UARTCC26XX.oem3 (.const)
                  00009e50    0000003c     CC2650DK_7ID.obj (.const:ADC_config)
                  00009e8c    00000038     CC2650DK_7ID.obj (.const:spiCC26XXDMAHWAttrs)
                  00009ec4    00000028     drivers_cc26xxware.aem3 : UARTCC26XX.oem3 (.const:UARTCC26XX_fxnTable)
                  00009eec    00000028     protocol_pem3.oem3 (.const:xdc_runtime_Startup_sfxnTab__A)
                  00009f14    00000024     CC2650DK_7ID.obj (.const:SPI_config)
                  00009f38    00000024     drivers_cc26xxware.aem3 : UART.oem3 (.const:UART_defaultParams)
                  00009f5c    00000020                             : I2CCC26XX.oem3 (.const)
                  00009f7c    00000020                             : SPI.oem3 (.const)
                  00009f9c    0000001c     receive_fxn.obj (.const:$P$T1$2)
                  00009fb8    00000018     CC2650DK_7ID.obj (.const:BoardGpioInitTable)
                  00009fd0    00000018     CC2650DK_7ID.obj (.const:I2C_config)
                  00009fe8    00000018     CC2650DK_7ID.obj (.const:UART_config)
                  0000a000    00000018     CC2650DK_7ID.obj (.const:adcCC26xxHWAttrs)
                  0000a018    00000018     drivers_cc26xxware.aem3 : ADCCC26XX.oem3 (.const)
                  0000a030    00000018     CC2650DK_7ID.obj (.const:i2cCC26XXHWAttrs)
                  0000a048    00000018     CC2650DK_7ID.obj (.const:uartCC26XXHWAttrs)
                  0000a060    00000014     protocol_pem3.oem3 (.const:xdc_runtime_Startup_sfxnRts__A)
                  0000a074    00000010     CC2650DK_7ID.obj (.const:PowerCC26XX_config)
                  0000a084    00000010     CC2650DK_7ID.obj (.const:UDMACC26XX_config)
                  0000a094    00000010     drivers_cc26xxware.aem3 : I2C.oem3 (.const)
                  0000a0a4    0000000c     protocol_pem3.oem3 (.const:xdc_runtime_Startup_firstFxns__A)
                  0000a0b0    00000009     receive_fxn.obj (.const:$P$T3$4)
                  0000a0b9    00000008     receive_fxn.obj (.const:.string:$P$T0$1)
                  0000a0c1    00000001     ext_flash.obj (.const:.string:$P$T1$2)
                  0000a0c2    00000002     protocol_pem3.oem3 (.const:xdc_runtime_SysMin_flushAtExit__C)
                  0000a0c4    00000008     CC2650DK_7ID.obj (.const:PINCC26XX_hwAttrs)
                  0000a0cc    00000008     CC2650DK_7ID.obj (.const:udmaHWAttrs)
                  0000a0d4    00000007     receive_fxn.obj (.const:.string:$P$T2$3)
                  0000a0db    00000005     T6700.obj (.const:.string:$P$T0$1)
                  0000a0e0    00000004     ext_flash.obj (.const:.string:$P$T0$1)
                  0000a0e4    00000004     protocol_pem3.oem3 (.const:ti_sysbios_knl_Clock_tickPeriod__C)
                  0000a0e8    00000004     protocol_pem3.oem3 (.const:ti_sysbios_knl_Clock_triggerClock__C)
                  0000a0ec    00000004     protocol_pem3.oem3 (.const:ti_sysbios_knl_Idle_funcList__A)
                  0000a0f0    00000004     protocol_pem3.oem3 (.const:xdc_runtime_SysMin_bufSize__C)
                  0000a0f4    00000004     protocol_pem3.oem3 (.const:xdc_runtime_SysMin_outputFunc__C)
                  0000a0f8    00000004     protocol_pem3.oem3 (.const:xdc_runtime_System_extendFxn__C)
                  0000a0fc    00000001     ext_flash.obj (.const:.string:$P$T2$3)
                  0000a0fd    00000001     protocol_pem3.oem3 (.const:xdc_runtime_Text_charTab__A)

.cinit     0    0000a100    000004d4     
                  0000a100    000002d6     (.cinit..data.load) [load image, compression = rle]
                  0000a3d6    00000002     --HOLE-- [fill = 0]
                  0000a3d8    0000002c     (.cinit..data:ti_sysbios_family_arm_m3_Hwi_Module__state__V.load) [load image, compression = rle]
                  0000a404    00000004     --HOLE-- [fill = 0]
                  0000a408    0000002c     (.cinit..data:ti_sysbios_knl_Task_Module__state__V.load) [load image, compression = rle]
                  0000a434    00000004     --HOLE-- [fill = 0]
                  0000a438    00000021     (.cinit..data:ti_sysbios_knl_Clock_Module__state__V.load) [load image, compression = rle]
                  0000a459    00000007     --HOLE-- [fill = 0]
                  0000a460    0000001f     (.cinit..data:ti_sysbios_BIOS_Module__state__V.load) [load image, compression = rle]
                  0000a47f    00000001     --HOLE-- [fill = 0]
                  0000a480    00000011     (.cinit..data:ti_sysbios_knl_Swi_Module__state__V.load) [load image, compression = rle]
                  0000a491    00000007     --HOLE-- [fill = 0]
                  0000a498    0000000d     (.cinit..data:ti_sysbios_family_arm_cc26xx_Timer_Module__state__V.load) [load image, compression = rle]
                  0000a4a5    00000003     --HOLE-- [fill = 0]
                  0000a4a8    0000000d     (.cinit..data:xdc_runtime_System_Module__state__V.load) [load image, compression = rle]
                  0000a4b5    00000003     --HOLE-- [fill = 0]
                  0000a4b8    0000000b     (.cinit..bss.load) [load image, compression = rle]
                  0000a4c3    00000005     --HOLE-- [fill = 0]
                  0000a4c8    0000000a     (.cinit..data:xdc_runtime_Memory_Module__state__V.load) [load image, compression = rle]
                  0000a4d2    00000006     --HOLE-- [fill = 0]
                  0000a4d8    00000009     (.cinit..TI.bound:dmaSpi0RxControlTableEntry.load) [load image, compression = rle]
                  0000a4e1    00000007     --HOLE-- [fill = 0]
                  0000a4e8    00000009     (.cinit..TI.bound:dmaSpi0TxControlTableEntry.load) [load image, compression = rle]
                  0000a4f1    00000007     --HOLE-- [fill = 0]
                  0000a4f8    00000009     (.cinit..TI.bound:dmaSpi1RxControlTableEntry.load) [load image, compression = rle]
                  0000a501    00000007     --HOLE-- [fill = 0]
                  0000a508    00000009     (.cinit..TI.bound:dmaSpi1TxControlTableEntry.load) [load image, compression = rle]
                  0000a511    00000007     --HOLE-- [fill = 0]
                  0000a518    00000009     (.cinit..data:ti_sysbios_family_arm_cc26xx_TimestampProvider_Module__state__V.load) [load image, compression = rle]
                  0000a521    00000007     --HOLE-- [fill = 0]
                  0000a528    00000009     (.cinit..data:xdc_runtime_Startup_Module__state__V.load) [load image, compression = rle]
                  0000a531    00000007     --HOLE-- [fill = 0]
                  0000a538    00000009     (.cinit..vecs.load) [load image, compression = rle]
                  0000a541    00000003     --HOLE-- [fill = 0]
                  0000a544    00000008     (__TI_handler_table)
                  0000a54c    00000088     (__TI_cinit_table)

.init_array 
*          0    00000000    00000000     UNINITIALIZED

.ccfg      0    0001ffa8    00000058     
                  0001ffa8    00000058     ccfg.obj (.ccfg:retain)

.resetVecs 
*          0    00000000    0000003c     
                  00000000    0000003c     protocol_pem3.oem3 (.resetVecs)

.binit     0    00000000    00000000     

.const:ti_sysbios_knl_Task_Object__PARAMS__C 
*          0    00000100    0000003c     
                  00000100    0000003c     protocol_pem3.oem3 (.const:ti_sysbios_knl_Task_Object__PARAMS__C)

.const:ti_sysbios_knl_Mailbox_Object__PARAMS__C 
*          0    0000013c    00000034     
                  0000013c    00000034     protocol_pem3.oem3 (.const:ti_sysbios_knl_Mailbox_Object__PARAMS__C)

.const:ti_sysbios_family_arm_m3_Hwi_Object__PARAMS__C 
*          0    00000170    00000030     
                  00000170    00000030     protocol_pem3.oem3 (.const:ti_sysbios_family_arm_m3_Hwi_Object__PARAMS__C)

.const:ti_sysbios_hal_Hwi_Object__PARAMS__C 
*          0    000001a0    0000002c     
                  000001a0    0000002c     protocol_pem3.oem3 (.const:ti_sysbios_hal_Hwi_Object__PARAMS__C)

.const:ti_sysbios_heaps_HeapMem_Module__FXNS__C 
*          0    000001cc    00000028     
                  000001cc    00000028     protocol_pem3.oem3 (.const:ti_sysbios_heaps_HeapMem_Module__FXNS__C)

.const:ti_sysbios_knl_Swi_Object__PARAMS__C 
*          0    000001f4    00000028     
                  000001f4    00000028     protocol_pem3.oem3 (.const:ti_sysbios_knl_Swi_Object__PARAMS__C)

.const:ti_sysbios_gates_GateHwi_Module__FXNS__C 
*          0    0000021c    00000024     
                  0000021c    00000024     protocol_pem3.oem3 (.const:ti_sysbios_gates_GateHwi_Module__FXNS__C)

.const:ti_sysbios_gates_GateMutex_Module__FXNS__C 
*          0    00000240    00000024     
                  00000240    00000024     protocol_pem3.oem3 (.const:ti_sysbios_gates_GateMutex_Module__FXNS__C)

.const:ti_sysbios_heaps_HeapMem_Object__PARAMS__C 
*          0    00000264    00000024     
                  00000264    00000024     protocol_pem3.oem3 (.const:ti_sysbios_heaps_HeapMem_Object__PARAMS__C)

.const:ti_sysbios_knl_Clock_Object__PARAMS__C 
*          0    00000288    00000024     
                  00000288    00000024     protocol_pem3.oem3 (.const:ti_sysbios_knl_Clock_Object__PARAMS__C)

.const:ti_sysbios_knl_Semaphore_Object__PARAMS__C 
*          0    000002ac    00000024     
                  000002ac    00000024     protocol_pem3.oem3 (.const:ti_sysbios_knl_Semaphore_Object__PARAMS__C)

.const:ti_sysbios_family_arm_m3_Hwi_Object__DESC__C 
*          0    000002d0    00000020     
                  000002d0    00000020     protocol_pem3.oem3 (.const:ti_sysbios_family_arm_m3_Hwi_Object__DESC__C)

.const:ti_sysbios_gates_GateHwi_Object__DESC__C 
*          0    000002f0    00000020     
                  000002f0    00000020     protocol_pem3.oem3 (.const:ti_sysbios_gates_GateHwi_Object__DESC__C)

.const:ti_sysbios_gates_GateMutex_Object__DESC__C 
*          0    00000310    00000020     
                  00000310    00000020     protocol_pem3.oem3 (.const:ti_sysbios_gates_GateMutex_Object__DESC__C)

.const:ti_sysbios_hal_Hwi_Object__DESC__C 
*          0    00000330    00000020     
                  00000330    00000020     protocol_pem3.oem3 (.const:ti_sysbios_hal_Hwi_Object__DESC__C)

.const:ti_sysbios_heaps_HeapMem_Object__DESC__C 
*          0    00000350    00000020     
                  00000350    00000020     protocol_pem3.oem3 (.const:ti_sysbios_heaps_HeapMem_Object__DESC__C)

.const:ti_sysbios_knl_Clock_Object__DESC__C 
*          0    00000370    00000020     
                  00000370    00000020     protocol_pem3.oem3 (.const:ti_sysbios_knl_Clock_Object__DESC__C)

.const:ti_sysbios_knl_Mailbox_Object__DESC__C 
*          0    00000390    00000020     
                  00000390    00000020     protocol_pem3.oem3 (.const:ti_sysbios_knl_Mailbox_Object__DESC__C)

.const:ti_sysbios_knl_Queue_Object__DESC__C 
*          0    000003b0    00000020     
                  000003b0    00000020     protocol_pem3.oem3 (.const:ti_sysbios_knl_Queue_Object__DESC__C)

.const:ti_sysbios_knl_Semaphore_Object__DESC__C 
*          0    000003d0    00000020     
                  000003d0    00000020     protocol_pem3.oem3 (.const:ti_sysbios_knl_Semaphore_Object__DESC__C)

.const:ti_sysbios_knl_Swi_Object__DESC__C 
*          0    000003f0    00000020     
                  000003f0    00000020     protocol_pem3.oem3 (.const:ti_sysbios_knl_Swi_Object__DESC__C)

.const:ti_sysbios_knl_Task_Object__DESC__C 
*          0    00000410    00000020     
                  00000410    00000020     protocol_pem3.oem3 (.const:ti_sysbios_knl_Task_Object__DESC__C)

.const:ti_sysbios_gates_GateHwi_Object__PARAMS__C 
*          0    00000430    00000018     
                  00000430    00000018     protocol_pem3.oem3 (.const:ti_sysbios_gates_GateHwi_Object__PARAMS__C)

.const:ti_sysbios_gates_GateMutex_Object__PARAMS__C 
*          0    00000448    00000018     
                  00000448    00000018     protocol_pem3.oem3 (.const:ti_sysbios_gates_GateMutex_Object__PARAMS__C)

.const:ti_sysbios_knl_Queue_Object__PARAMS__C 
*          0    00000460    00000018     
                  00000460    00000018     protocol_pem3.oem3 (.const:ti_sysbios_knl_Queue_Object__PARAMS__C)

.const:ti_sysbios_knl_Idle_funcList__C 
*          0    00000478    00000008     
                  00000478    00000008     protocol_pem3.oem3 (.const:ti_sysbios_knl_Idle_funcList__C)

.const:ti_sysbios_family_arm_cc26xx_Timer_startupNeeded__C 
*          0    00000484    00000004     
                  00000484    00000004     protocol_pem3.oem3 (.const:ti_sysbios_family_arm_cc26xx_Timer_startupNeeded__C)

.const:ti_sysbios_family_arm_m3_Hwi_E_alreadyDefined__C 
*          0    00000488    00000004     
                  00000488    00000004     protocol_pem3.oem3 (.const:ti_sysbios_family_arm_m3_Hwi_E_alreadyDefined__C)

.const:ti_sysbios_family_arm_m3_Hwi_E_hwiLimitExceeded__C 
*          0    0000048c    00000004     
                  0000048c    00000004     protocol_pem3.oem3 (.const:ti_sysbios_family_arm_m3_Hwi_E_hwiLimitExceeded__C)

.const:ti_sysbios_family_arm_m3_Hwi_NUM_INTERRUPTS__C 
*          0    00000490    00000004     
                  00000490    00000004     protocol_pem3.oem3 (.const:ti_sysbios_family_arm_m3_Hwi_NUM_INTERRUPTS__C)

.const:ti_sysbios_family_arm_m3_Hwi_Object__count__C 
*          0    00000494    00000004     
                  00000494    00000004     protocol_pem3.oem3 (.const:ti_sysbios_family_arm_m3_Hwi_Object__count__C)

.const:ti_sysbios_family_arm_m3_Hwi_Object__table__C 
*          0    00000498    00000004     
                  00000498    00000004     protocol_pem3.oem3 (.const:ti_sysbios_family_arm_m3_Hwi_Object__table__C)

.const:ti_sysbios_family_arm_m3_Hwi_ccr__C 
*          0    0000049c    00000004     
                  0000049c    00000004     protocol_pem3.oem3 (.const:ti_sysbios_family_arm_m3_Hwi_ccr__C)

.const:ti_sysbios_family_arm_m3_Hwi_excHandlerFunc__C 
*          0    000004a0    00000004     
                  000004a0    00000004     protocol_pem3.oem3 (.const:ti_sysbios_family_arm_m3_Hwi_excHandlerFunc__C)

.const:ti_sysbios_family_arm_m3_Hwi_nullIsrFunc__C 
*          0    000004a4    00000004     
                  000004a4    00000004     protocol_pem3.oem3 (.const:ti_sysbios_family_arm_m3_Hwi_nullIsrFunc__C)

.const:ti_sysbios_family_arm_m3_Hwi_numSparseInterrupts__C 
*          0    000004a8    00000004     
                  000004a8    00000004     protocol_pem3.oem3 (.const:ti_sysbios_family_arm_m3_Hwi_numSparseInterrupts__C)

.const:ti_sysbios_family_arm_m3_Hwi_priGroup__C 
*          0    000004ac    00000004     
                  000004ac    00000004     protocol_pem3.oem3 (.const:ti_sysbios_family_arm_m3_Hwi_priGroup__C)

.const:ti_sysbios_family_arm_m3_TaskSupport_stackAlignment__C 
*          0    000004b0    00000004     
                  000004b0    00000004     protocol_pem3.oem3 (.const:ti_sysbios_family_arm_m3_TaskSupport_stackAlignment__C)

.const:ti_sysbios_heaps_HeapMem_E_memory__C 
*          0    000004b4    00000004     
                  000004b4    00000004     protocol_pem3.oem3 (.const:ti_sysbios_heaps_HeapMem_E_memory__C)

.const:ti_sysbios_heaps_HeapMem_Module__gateObj__C 
*          0    000004b8    00000004     
                  000004b8    00000004     protocol_pem3.oem3 (.const:ti_sysbios_heaps_HeapMem_Module__gateObj__C)

.const:ti_sysbios_heaps_HeapMem_Object__count__C 
*          0    000004bc    00000004     
                  000004bc    00000004     protocol_pem3.oem3 (.const:ti_sysbios_heaps_HeapMem_Object__count__C)

.const:ti_sysbios_heaps_HeapMem_Object__table__C 
*          0    000004c0    00000004     
                  000004c0    00000004     protocol_pem3.oem3 (.const:ti_sysbios_heaps_HeapMem_Object__table__C)

.const:ti_sysbios_heaps_HeapMem_reqAlign__C 
*          0    000004c4    00000004     
                  000004c4    00000004     protocol_pem3.oem3 (.const:ti_sysbios_heaps_HeapMem_reqAlign__C)

.const:ti_sysbios_knl_Clock_serviceMargin__C 
*          0    000004c8    00000004     
                  000004c8    00000004     protocol_pem3.oem3 (.const:ti_sysbios_knl_Clock_serviceMargin__C)

.const:ti_sysbios_knl_Mailbox_Object__count__C 
*          0    000004cc    00000004     
                  000004cc    00000004     protocol_pem3.oem3 (.const:ti_sysbios_knl_Mailbox_Object__count__C)

.const:ti_sysbios_knl_Mailbox_Object__table__C 
*          0    000004d0    00000004     
                  000004d0    00000004     protocol_pem3.oem3 (.const:ti_sysbios_knl_Mailbox_Object__table__C)

.const:ti_sysbios_knl_Queue_Object__count__C 
*          0    000004d4    00000004     
                  000004d4    00000004     protocol_pem3.oem3 (.const:ti_sysbios_knl_Queue_Object__count__C)

.const:ti_sysbios_knl_Queue_Object__table__C 
*          0    000004d8    00000004     
                  000004d8    00000004     protocol_pem3.oem3 (.const:ti_sysbios_knl_Queue_Object__table__C)

.const:ti_sysbios_knl_Swi_Object__count__C 
*          0    000004dc    00000004     
                  000004dc    00000004     protocol_pem3.oem3 (.const:ti_sysbios_knl_Swi_Object__count__C)

.const:ti_sysbios_knl_Swi_Object__table__C 
*          0    000004e0    00000004     
                  000004e0    00000004     protocol_pem3.oem3 (.const:ti_sysbios_knl_Swi_Object__table__C)

.const:ti_sysbios_knl_Swi_numPriorities__C 
*          0    000004e4    00000004     
                  000004e4    00000004     protocol_pem3.oem3 (.const:ti_sysbios_knl_Swi_numPriorities__C)

.const:ti_sysbios_knl_Task_Object__count__C 
*          0    000004e8    00000004     
                  000004e8    00000004     protocol_pem3.oem3 (.const:ti_sysbios_knl_Task_Object__count__C)

.const:ti_sysbios_knl_Task_Object__table__C 
*          0    000004ec    00000004     
                  000004ec    00000004     protocol_pem3.oem3 (.const:ti_sysbios_knl_Task_Object__table__C)

.const:ti_sysbios_knl_Task_allBlockedFunc__C 
*          0    000004f0    00000004     
                  000004f0    00000004     protocol_pem3.oem3 (.const:ti_sysbios_knl_Task_allBlockedFunc__C)

.const:ti_sysbios_knl_Task_defaultStackHeap__C 
*          0    000004f4    00000004     
                  000004f4    00000004     protocol_pem3.oem3 (.const:ti_sysbios_knl_Task_defaultStackHeap__C)

.const:ti_sysbios_knl_Task_defaultStackSize__C 
*          0    000004f8    00000004     
                  000004f8    00000004     protocol_pem3.oem3 (.const:ti_sysbios_knl_Task_defaultStackSize__C)

.const:ti_sysbios_knl_Task_numConstructedTasks__C 
*          0    000004fc    00000004     
                  000004fc    00000004     protocol_pem3.oem3 (.const:ti_sysbios_knl_Task_numConstructedTasks__C)

.const:ti_sysbios_family_arm_cc26xx_Timer_Module__id__C 
*          0    00000502    00000002     
                  00000502    00000002     protocol_pem3.oem3 (.const:ti_sysbios_family_arm_cc26xx_Timer_Module__id__C)

.const:ti_sysbios_family_arm_cc26xx_TimestampProvider_useClockTimer__C 
*          0    00000504    00000002     
                  00000504    00000002     protocol_pem3.oem3 (.const:ti_sysbios_family_arm_cc26xx_TimestampProvider_useClockTimer__C)

.const:ti_sysbios_family_arm_m3_Hwi_Module__id__C 
*          0    00000506    00000002     
                  00000506    00000002     protocol_pem3.oem3 (.const:ti_sysbios_family_arm_m3_Hwi_Module__id__C)

.const:ti_sysbios_gates_GateHwi_Module__id__C 
*          0    00000508    00000002     
                  00000508    00000002     protocol_pem3.oem3 (.const:ti_sysbios_gates_GateHwi_Module__id__C)

.const:ti_sysbios_gates_GateMutex_Module__id__C 
*          0    0000050a    00000002     
                  0000050a    00000002     protocol_pem3.oem3 (.const:ti_sysbios_gates_GateMutex_Module__id__C)

.const:ti_sysbios_heaps_HeapMem_Module__id__C 
*          0    0000050c    00000002     
                  0000050c    00000002     protocol_pem3.oem3 (.const:ti_sysbios_heaps_HeapMem_Module__id__C)

.const:ti_sysbios_knl_Task_initStackFlag__C 
*          0    0000050e    00000002     
                  0000050e    00000002     protocol_pem3.oem3 (.const:ti_sysbios_knl_Task_initStackFlag__C)

.const:ti_sysbios_knl_Clock_tickMode__C 
*          0    00000510    00000001     
                  00000510    00000001     protocol_pem3.oem3 (.const:ti_sysbios_knl_Clock_tickMode__C)

.const:xdc_runtime_Startup_firstFxns__C 
*          0    00000514    00000008     
[...]
1001c1d9  ti_sysbios_knl_Task_Params__init__S                                       
1001c1e5  ti_sysbios_knl_Task_self__E                                               
1001c1f1  ti_sysbios_hal_Hwi_Instance_finalize__E                                   
1001c1fb  ti_sysbios_family_arm_m3_Hwi_doSwiRestore__I                              
1001c203  ti_sysbios_family_arm_m3_Hwi_startup__E                                   
1001c20b  ti_sysbios_knl_Idle_loop__E                                               
1001c213  ti_sysbios_family_arm_m3_Hwi_doTaskRestore__I                             
1001c219  ti_sysbios_family_arm_m3_Hwi_restoreFxn__E                                
1001c21f  ti_sysbios_gates_GateHwi_leave__E                                         
1001c22b  ti_sysbios_knl_Queue_Instance_init__E                                     
1001c231  ti_sysbios_knl_Queue_elemClear__E                                         
1001c237  ti_sysbios_knl_Swi_Module_startup__E                                      
1001c23d  ti_sysbios_knl_Swi_startup__E                                             
1001c243  ti_sysbios_knl_Task_enable__E                                             
1001c249  ti_sysbios_BIOS_RtsGateProxy_enter__E                                     
1001c24d  ti_sysbios_BIOS_RtsGateProxy_leave__E                                     
1001c251  ti_sysbios_family_arm_cc26xx_Timer_getExpiredTicks__E                     
1001c255  ti_sysbios_family_arm_cc26xx_Timer_getPeriod__E                           
1001c259  ti_sysbios_family_arm_cc26xx_Timer_setPeriod__E                           
1001c25d  ti_sysbios_family_arm_m3_Hwi_delete                                       
1001c261  ti_sysbios_family_arm_m3_Hwi_destruct                                     
1001c265  ti_sysbios_family_arm_m3_TaskSupport_Module__startupDone__S               
1001c269  ti_sysbios_gates_GateHwi_query__E                                         
1001c269  xdc_runtime_System_Module_GateProxy_query__E                              
1001c26d  ti_sysbios_gates_GateMutex_delete                                         
1001c271  ti_sysbios_gates_GateMutex_destruct                                       
1001c275  ti_sysbios_BIOS_RtsGateProxy_query__E                                     
1001c275  ti_sysbios_gates_GateMutex_query__E                                       
1001c275  ti_sysbios_heaps_HeapMem_Module_GateProxy_query__E                        
1001c279  ti_sysbios_hal_Hwi_HwiProxy_Module__startupDone__S                        
1001c27d  ti_sysbios_hal_Hwi_HwiProxy_delete                                        
1001c281  ti_sysbios_hal_Hwi_HwiProxy_disableInterrupt__E                           
1001c281  ti_sysbios_hal_Hwi_disableInterrupt__E                                    
1001c285  ti_sysbios_hal_Hwi_HwiProxy_enableInterrupt__E                            
1001c285  ti_sysbios_hal_Hwi_enableInterrupt__E                                     
1001c289  ti_sysbios_hal_Hwi_HwiProxy_getStackInfo__E                               
1001c289  ti_sysbios_hal_Hwi_getStackInfo__E                                        
1001c28d  ti_sysbios_hal_Hwi_HwiProxy_startup__E                                    
1001c28d  ti_sysbios_hal_Hwi_startup__E                                             
1001c291  ti_sysbios_hal_Hwi_HwiProxy_switchFromBootStack__E                        
1001c295  ti_sysbios_hal_Hwi_delete                                                 
1001c299  ti_sysbios_hal_Hwi_switchFromBootStack__E                                 
1001c29d  ti_sysbios_heaps_HeapMem_Module_GateProxy_enter__E                        
1001c2a1  ti_sysbios_heaps_HeapMem_Module_GateProxy_leave__E                        
1001c2a5  ti_sysbios_heaps_HeapMem_isBlocking__E                                    
1001c2a9  ti_sysbios_knl_Clock_TimerProxy_Module__startupDone__S                    
1001c2ad  ti_sysbios_knl_Clock_TimerProxy_getExpiredTicks__E                        
1001c2b1  ti_sysbios_knl_Clock_TimerProxy_getPeriod__E                              
1001c2b5  ti_sysbios_knl_Clock_delete                                               
1001c2b9  ti_sysbios_knl_Clock_destruct                                             
1001c2bd  ti_sysbios_knl_Clock_removeI__E                                           
1001c2c1  ti_sysbios_knl_Clock_setTimeout__E                                        
1001c2c5  ti_sysbios_knl_Mailbox_delete                                             
1001c2c9  ti_sysbios_knl_Mailbox_destruct                                           
1001c2cd  ti_sysbios_knl_Queue_delete                                               
1001c2d1  ti_sysbios_knl_Queue_destruct                                             
1001c2d5  ti_sysbios_knl_Queue_head__E                                              
1001c2d9  ti_sysbios_knl_Queue_next__E                                              
1001c2dd  ti_sysbios_knl_Semaphore_delete                                           
1001c2e1  ti_sysbios_knl_Semaphore_destruct                                         
1001c2e5  ti_sysbios_knl_Swi_delete                                                 
1001c2e9  ti_sysbios_knl_Swi_destruct                                               
1001c2ed  ti_sysbios_knl_Swi_postInit__I                                            
1001c2f1  ti_sysbios_knl_Task_SupportProxy_Module__startupDone__S                   
1001c2f5  ti_sysbios_knl_Task_SupportProxy_getStackAlignment__E                     
1001c2f9  ti_sysbios_knl_Task_SupportProxy_start__E                                 
1001c2fd  ti_sysbios_knl_Task_SupportProxy_swap__E                                  
1001c301  ti_sysbios_knl_Task_delete                                                
1001c305  ti_sysbios_knl_Task_destruct                                              
1001c309  ti_sysbios_knl_Task_startup__E                                            
1001c30d  xdc_runtime_Startup_startMods__I                                          
1001c405  xdc_runtime_Core_createObject__I                                          
1001c487  xdc_runtime_Error_policySpin__E                                           
1001c489  xdc_runtime_Memory_alloc__E                                               
1001c4f9  xdc_runtime_Core_deleteObject__I                                          
1001c559  xdc_runtime_Startup_exec__E                                               
1001c5a9  xdc_runtime_Assert_raise__I                                               
1001c5f1  xdc_runtime_Core_assignParams__I                                          
1001c639  xdc_runtime_Core_constructObject__I                                       
1001c681  xdc_runtime_System_atexit__E                                              
1001c6b9  xdc_runtime_System_processAtExit__E                                       
1001c6ed  xdc_runtime_Core_assignLabel__I                                           
1001c71d  xdc_runtime_Text_cordText__E                                              
1001c749  xdc_runtime_System_abort__E                                               
1001c769  xdc_runtime_Error_raiseX__E                                               
1001c785  xdc_runtime_Memory_valloc__E                                              
1001c7a1  xdc_runtime_Core_destructObject__I                                        
1001c7b9  xdc_runtime_Error_check__E                                                
1001c7d1  xdc_runtime_System_exit__E                                                
1001c7e9  xdc_runtime_Text_ropeText__E                                              
1001c801  xdc_runtime_Memory_free__E                                                
1001c811  xdc_runtime_SysCallback_abort__E                                          
1001c821  xdc_runtime_SysCallback_exit__E                                           
1001c831  xdc_runtime_Timestamp_SupportProxy_get32__E                               
1001c831  xdc_runtime_Timestamp_get32__E                                            
1001c841  xdc_runtime_Error_init__E                                                 
1001c84d  xdc_runtime_Memory_calloc__E                                              
1001c859  xdc_runtime_Memory_getMaxDefaultTypeAlign__E                              
1001c879  xdc_runtime_Gate_leaveSystem__E                                           
1001c87f  xdc_runtime_System_Module_startup__E                                      
1001c885  xdc_runtime_Gate_enterSystem__E                                           
1001c889  xdc_runtime_Memory_HeapProxy_alloc__E                                     
1001c88d  xdc_runtime_Memory_HeapProxy_free__E                                      
1001c891  xdc_runtime_System_Module_GateProxy_enter__E                              
1001c895  xdc_runtime_System_Module_GateProxy_leave__E                              
1001c899  xdc_runtime_System_abortSpin__E                                           
1001c89b  xdc_runtime_System_exitSpin__E                                            
1001c89d  ti_sysbios_family_arm_m3_Hwi_dispatch__I                                  
1001c96d  ti_sysbios_family_arm_m3_TaskSupport_buildTaskStack                       
1001c9b9  ti_sysbios_family_arm_m3_Hwi_initStacks__E                                
1001ca01  ti_sysbios_family_arm_m3_Hwi_excHandlerAsm__I                             
1001ca21  ti_sysbios_family_xxx_Hwi_switchAndRunFunc                                
1001ca3f  ti_sysbios_family_arm_m3_Hwi_pendSV__I                                    
1001ca57  ti_sysbios_family_arm_m3_Hwi_return                                       
1001ca59  ti_sysbios_family_arm_m3_TaskSupport_glue                                 
1001ca69  ti_sysbios_family_arm_m3_TaskSupport_swap__E                              
1001ca71  ti_sysbios_knl_Task_swapReturn                                            
1001ca9b  ti_sysbios_rom_cortexm_cc26xx_CC26xx_getRevision__E                       
20000000  ti_sysbios_family_arm_m3_Hwi_ramVectors                                   
20000100  ti_sysbios_knl_Task_Module__state__V                                      
20000144  ti_sysbios_family_arm_m3_Hwi_Module__state__V                             
20000178  ti_sysbios_knl_Clock_Module__state__V                                     
200001a4  ti_sysbios_BIOS_Module__state__V                                          
200001c8  ti_sysbios_knl_Swi_Module__state__V                                       
200001e4  ti_sysbios_family_arm_cc26xx_Timer_Module__state__V                       
200001ec  ti_sysbios_family_arm_cc26xx_TimestampProvider_Module__state__V           
200001f0  xdc_runtime_Startup_Module__state__V                                      
200001f8  xdc_runtime_System_Module__state__V                                       
20000200  xdc_runtime_Memory_Module__state__V                                       
20001520  receiveStack                                                              
20002120  hub                                                                       
20002540  ti_sysbios_heaps_HeapMem_Instance_State_0_buf__A                          
20002940  timerStack                                                                
20002d40  ti_sysbios_knl_Task_Instance_State_0_stack__A                             
20002f40  spiCC26XXDMAObjects                                                       
200030f8  __CIOBUF_                                                                 
20003218  uartCC26XXObjects                                                         
2000332c  i2cCC26XXObjects                                                          
2000340c  ti_sysbios_family_arm_m3_Hwi_dispatchTable                                
200034d4  xdc_runtime_SysMin_Module_State_0_outbuf__A                               
20003554  PIN_HandleTable                                                           
200035d0  adcCC26xxObjects                                                          
20003620  receiveStruct                                                             
20003670  timerStruct                                                               
20003734  udmaObjects                                                               
200037bc  pNotifyObj                                                                
20003824  PIN_NumPins                                                               
20003828  clkHandle                                                                 
20003830  driverlib_release_0_46593                                                 
20003838  PowerCC26XX_module                                                        
20003a50  ti_sysbios_knl_Task_Object__table__V                                      
20003aa0  ti_sysbios_family_arm_cc26xx_Timer_Object__table__V                       
20003b24  ti_sysbios_gates_GateMutex_Object__table__V                               
20003b5c  ti_sysbios_knl_Swi_Module_State_0_readyQ__A                               
20003b8c  ti_sysbios_knl_Swi_Object__table__V                                       
20003bbc  ti_sysbios_knl_Clock_Object__table__V                                     
20003bdc  ti_sysbios_knl_Task_Module_State_0_readyQ__A                              
20003bfc  ti_sysbios_family_arm_m3_Hwi_Object__table__V                             
20003c14  ti_sysbios_heaps_HeapMem_Object__table__V                                 
20003c2c  ledPinTable                                                               
20003c50  xdc_runtime_SysMin_Module__state__V                                       
20003c68  _lock                                                                     
20003c6c  _unlock                                                                   
20003c78  interrupt_gpio                                                            
20003c80  ti_sysbios_family_arm_cc26xx_Seconds_Module__state__V                     
20003c88  ti_sysbios_family_arm_m3_Hwi_Module__root__V                              
20003c90  ti_sysbios_gates_GateHwi_Module__root__V                                  
20003c98  ti_sysbios_gates_GateMutex_Module__root__V                                
20003ca0  ti_sysbios_hal_Hwi_Module__root__V                                        
20003ca8  ti_sysbios_heaps_HeapMem_Module__root__V                                  
20003cb0  ti_sysbios_knl_Clock_Module__root__V                                      
20003cb8  ti_sysbios_knl_Mailbox_Module__root__V                                    
20003cc0  ti_sysbios_knl_Queue_Module__root__V                                      
20003cc8  ti_sysbios_knl_Semaphore_Module__root__V                                  
20003cd0  ti_sysbios_knl_Swi_Module__root__V                                        
20003cd8  ti_sysbios_knl_Task_Module__root__V                                       
20003ce0  xdc_runtime_System_Module_State_0_atexitHandlers__A                       
20003cfc  errno                                                                     
20003d00  main_func_sp                                                              
20003d04  ti_sysbios_family_arm_m3_Hwi_Module_State_0_excContext__A                 
20003d08  ti_sysbios_family_arm_m3_Hwi_Module_State_0_excStack__A                   
20003d0c  ti_sysbios_knl_Task_Module_State_0_idleTask__A                            
20003d10  ti_sysbios_family_arm_m3_Hwi_Module_State_0_excActive__A                  
20004d00  __stack                                                                   
20005000  __STACK_END                                                               
e000e000  ti_sysbios_family_arm_m3_Hwi_nvic                                         
ffffffff  __TI_pprof_out_hndl                                                       
ffffffff  __TI_prof_data_size                                                       
ffffffff  __TI_prof_data_start                                                      
ffffffff  __binit__                                                                 
ffffffff  __c_args__                                                                
ffffffff  binit                                                                     
UNDEFED   HwiP_restore                                                              
UNDEFED   SHT$$INIT_ARRAY$$Base                                                     
UNDEFED   SHT$$INIT_ARRAY$$Limit                                                    
UNDEFED   ti_sysbios_BIOS_RtsGateProxy_Handle__label__S__mangled__                  
UNDEFED   ti_sysbios_BIOS_RtsGateProxy_Object__delete__S__mangled__                 
UNDEFED   ti_sysbios_BIOS_RtsGateProxy_Params__init__S__mangled__                   
UNDEFED   ti_sysbios_BIOS_RtsGateProxy_query__E__mangled__                          
UNDEFED   ti_sysbios_hal_Hwi_HwiProxy_Module__startupDone__S__mangled__             
UNDEFED   ti_sysbios_hal_Hwi_HwiProxy_Object__delete__S__mangled__                  
UNDEFED   ti_sysbios_hal_Hwi_HwiProxy_Params__init__S__mangled__                    
UNDEFED   ti_sysbios_hal_Hwi_HwiProxy_disableInterrupt__E__mangled__                
UNDEFED   ti_sysbios_hal_Hwi_HwiProxy_enableInterrupt__E__mangled__                 
UNDEFED   ti_sysbios_hal_Hwi_HwiProxy_getStackInfo__E__mangled__                    
UNDEFED   ti_sysbios_hal_Hwi_HwiProxy_startup__E__mangled__                         
UNDEFED   ti_sysbios_hal_Hwi_HwiProxy_switchFromBootStack__E__mangled__             
UNDEFED   ti_sysbios_hal_Hwi_disableInterrupt__E                                    
UNDEFED   ti_sysbios_hal_Hwi_enableInterrupt__E                                     
UNDEFED   ti_sysbios_hal_Hwi_getStackInfo__E                                        
UNDEFED   ti_sysbios_hal_Hwi_startup__E                                             
UNDEFED   ti_sysbios_hal_Hwi_switchFromBootStack__E                                 
UNDEFED   ti_sysbios_heaps_HeapMem_Module_GateProxy_Handle__label__S__mangled__     
UNDEFED   ti_sysbios_heaps_HeapMem_Module_GateProxy_Object__delete__S__mangled__    
UNDEFED   ti_sysbios_heaps_HeapMem_Module_GateProxy_Params__init__S__mangled__      
UNDEFED   ti_sysbios_heaps_HeapMem_Module_GateProxy_query__E__mangled__             
UNDEFED   ti_sysbios_knl_Clock_TimerProxy_Module__startupDone__S__mangled__         
UNDEFED   ti_sysbios_knl_Clock_TimerProxy_startup__E__mangled__                     
UNDEFED   ti_sysbios_knl_Task_SupportProxy_Module__startupDone__S__mangled__        
UNDEFED   ti_sysbios_knl_Task_SupportProxy_getStackAlignment__E__mangled__          
UNDEFED   ti_sysbios_knl_Task_SupportProxy_start__E__mangled__                      
UNDEFED   ti_sysbios_knl_Task_SupportProxy_swap__E__mangled__                       
UNDEFED   xdc_runtime_Main_Module_GateProxy_Handle__label__S                        
UNDEFED   xdc_runtime_Main_Module_GateProxy_Object__delete__S                       
UNDEFED   xdc_runtime_Main_Module_GateProxy_query__E                                
UNDEFED   xdc_runtime_Memory_HeapProxy_Handle__label__S__mangled__                  
UNDEFED   xdc_runtime_Memory_HeapProxy_Object__delete__S__mangled__                 
UNDEFED   xdc_runtime_System_Module_GateProxy_Handle__label__S__mangled__           
UNDEFED   xdc_runtime_System_Module_GateProxy_Object__delete__S__mangled__          
UNDEFED   xdc_runtime_System_Module_GateProxy_query__E__mangled__                   
UNDEFED   xdc_runtime_Timestamp_SupportProxy_get64__E__mangled__                    
UNDEFED   xdc_runtime_Timestamp_SupportProxy_getFreq__E__mangled__                  
UNDEFED   xdc_runtime_Timestamp_get32__E                                            
UNDEFED   xdc_runtime_Timestamp_get64__E                                            
UNDEFED   xdc_runtime_Timestamp_getFreq__E                                          

[908 symbols]
